Archive member included to satisfy reference by file (symbol)

c:/nxp/mcuxpressoide_11.0.0_2516/ide/plugins/com.nxp.mcuxpresso.tools.win32_11.0.0.201905131304/tools/bin/../lib/gcc/arm-none-eabi/8.2.1/../../../../arm-none-eabi/lib/thumb/v6-m/nofp\libm.a(lib_a-s_round.o)
                              ./framework/XCVR/MKW41Z4/fsl_xcvr.o (round)
c:/nxp/mcuxpressoide_11.0.0_2516/ide/plugins/com.nxp.mcuxpresso.tools.win32_11.0.0.201905131304/tools/bin/../lib/gcc/arm-none-eabi/8.2.1/../../../../arm-none-eabi/lib/thumb/v6-m/nofp\libm.a(lib_a-s_trunc.o)
                              ./framework/XCVR/MKW41Z4/fsl_xcvr.o (trunc)
c:/nxp/mcuxpressoide_11.0.0_2516/ide/plugins/com.nxp.mcuxpresso.tools.win32_11.0.0.201905131304/tools/bin/../lib/gcc/arm-none-eabi/8.2.1/../../../../arm-none-eabi/lib/thumb/v6-m/nofp\libm.a(lib_a-sf_round.o)
                              ./framework/XCVR/MKW41Z4/fsl_xcvr_trim.o (roundf)
c:/nxp/mcuxpressoide_11.0.0_2516/ide/plugins/com.nxp.mcuxpresso.tools.win32_11.0.0.201905131304/tools/bin/../lib/gcc/arm-none-eabi/8.2.1/../../../../arm-none-eabi/lib/thumb/v6-m/nofp\libc.a(lib_a-exit.o)
                              c:/nxp/mcuxpressoide_11.0.0_2516/ide/plugins/com.nxp.mcuxpresso.tools.win32_11.0.0.201905131304/tools/bin/../lib/gcc/arm-none-eabi/8.2.1/../../../../arm-none-eabi/lib/thumb/v6-m/nofp/crt0.o (exit)
c:/nxp/mcuxpressoide_11.0.0_2516/ide/plugins/com.nxp.mcuxpresso.tools.win32_11.0.0.201905131304/tools/bin/../lib/gcc/arm-none-eabi/8.2.1/../../../../arm-none-eabi/lib/thumb/v6-m/nofp\libc.a(lib_a-impure.o)
                              c:/nxp/mcuxpressoide_11.0.0_2516/ide/plugins/com.nxp.mcuxpresso.tools.win32_11.0.0.201905131304/tools/bin/../lib/gcc/arm-none-eabi/8.2.1/../../../../arm-none-eabi/lib/thumb/v6-m/nofp\libc.a(lib_a-exit.o) (_global_impure_ptr)
c:/nxp/mcuxpressoide_11.0.0_2516/ide/plugins/com.nxp.mcuxpresso.tools.win32_11.0.0.201905131304/tools/bin/../lib/gcc/arm-none-eabi/8.2.1/../../../../arm-none-eabi/lib/thumb/v6-m/nofp\libc.a(lib_a-init.o)
                              c:/nxp/mcuxpressoide_11.0.0_2516/ide/plugins/com.nxp.mcuxpresso.tools.win32_11.0.0.201905131304/tools/bin/../lib/gcc/arm-none-eabi/8.2.1/../../../../arm-none-eabi/lib/thumb/v6-m/nofp/crt0.o (__libc_init_array)
c:/nxp/mcuxpressoide_11.0.0_2516/ide/plugins/com.nxp.mcuxpresso.tools.win32_11.0.0.201905131304/tools/bin/../lib/gcc/arm-none-eabi/8.2.1/../../../../arm-none-eabi/lib/thumb/v6-m/nofp\libc.a(lib_a-memcpy-stub.o)
                              ./ieee_802.15.4/phy/source/MKW41Z/PhyTime.o (memcpy)
c:/nxp/mcuxpressoide_11.0.0_2516/ide/plugins/com.nxp.mcuxpresso.tools.win32_11.0.0.201905131304/tools/bin/../lib/gcc/arm-none-eabi/8.2.1/../../../../arm-none-eabi/lib/thumb/v6-m/nofp\libc.a(lib_a-memset.o)
                              c:/nxp/mcuxpressoide_11.0.0_2516/ide/plugins/com.nxp.mcuxpresso.tools.win32_11.0.0.201905131304/tools/bin/../lib/gcc/arm-none-eabi/8.2.1/../../../../arm-none-eabi/lib/thumb/v6-m/nofp/crt0.o (memset)
c:/nxp/mcuxpressoide_11.0.0_2516/ide/plugins/com.nxp.mcuxpresso.tools.win32_11.0.0.201905131304/tools/bin/../lib/gcc/arm-none-eabi/8.2.1/../../../../arm-none-eabi/lib/thumb/v6-m/nofp\libc.a(lib_a-strlen-stub.o)
                              ./framework/SerialManager/Source/SerialManager.o (strlen)
c:/nxp/mcuxpressoide_11.0.0_2516/ide/plugins/com.nxp.mcuxpresso.tools.win32_11.0.0.201905131304/tools/bin/../lib/gcc/arm-none-eabi/8.2.1/../../../../arm-none-eabi/lib/thumb/v6-m/nofp\libc.a(lib_a-__call_atexit.o)
                              c:/nxp/mcuxpressoide_11.0.0_2516/ide/plugins/com.nxp.mcuxpresso.tools.win32_11.0.0.201905131304/tools/bin/../lib/gcc/arm-none-eabi/8.2.1/../../../../arm-none-eabi/lib/thumb/v6-m/nofp\libc.a(lib_a-exit.o) (__call_exitprocs)
c:/nxp/mcuxpressoide_11.0.0_2516/ide/plugins/com.nxp.mcuxpresso.tools.win32_11.0.0.201905131304/tools/bin/../lib/gcc/arm-none-eabi/8.2.1/../../../../arm-none-eabi/lib/thumb/v6-m/nofp\libc.a(lib_a-atexit.o)
                              c:/nxp/mcuxpressoide_11.0.0_2516/ide/plugins/com.nxp.mcuxpresso.tools.win32_11.0.0.201905131304/tools/bin/../lib/gcc/arm-none-eabi/8.2.1/../../../../arm-none-eabi/lib/thumb/v6-m/nofp\libc.a(lib_a-__call_atexit.o) (atexit)
c:/nxp/mcuxpressoide_11.0.0_2516/ide/plugins/com.nxp.mcuxpresso.tools.win32_11.0.0.201905131304/tools/bin/../lib/gcc/arm-none-eabi/8.2.1/../../../../arm-none-eabi/lib/thumb/v6-m/nofp\libc.a(lib_a-fini.o)
                              c:/nxp/mcuxpressoide_11.0.0_2516/ide/plugins/com.nxp.mcuxpresso.tools.win32_11.0.0.201905131304/tools/bin/../lib/gcc/arm-none-eabi/8.2.1/../../../../arm-none-eabi/lib/thumb/v6-m/nofp\libc.a(lib_a-__call_atexit.o) (__libc_fini_array)
c:/nxp/mcuxpressoide_11.0.0_2516/ide/plugins/com.nxp.mcuxpresso.tools.win32_11.0.0.201905131304/tools/bin/../lib/gcc/arm-none-eabi/8.2.1/../../../../arm-none-eabi/lib/thumb/v6-m/nofp\libc.a(lib_a-lock.o)
[...]
Memory Configuration

Name             Origin             Length             Attributes
TEXT_region1     0x00000000         0x00000400         xr
m_flash_config_region 0x00000400         0x00000010         xr
TEXT_region2     0x00000411         0x0007d3ee         xr
NVM_region       0x0007d800         0x00001fff         rw
DATA1_region     0x1fff8000         0x00008000         rw
DATA2_region     0x20000000         0x00018000         rw
PRODUCT_INFO_region 0x0007f800         0x000007ff         xr
*default*        0x00000000         0xffffffff

Linker script and memory map

LOAD c:/nxp/mcuxpressoide_11.0.0_2516/ide/plugins/com.nxp.mcuxpresso.tools.win32_11.0.0.201905131304/tools/bin/../lib/gcc/arm-none-eabi/8.2.1/thumb/v6-m/nofp/crti.o
LOAD c:/nxp/mcuxpressoide_11.0.0_2516/ide/plugins/com.nxp.mcuxpresso.tools.win32_11.0.0.201905131304/tools/bin/../lib/gcc/arm-none-eabi/8.2.1/thumb/v6-m/nofp/crtbegin.o
LOAD c:/nxp/mcuxpressoide_11.0.0_2516/ide/plugins/com.nxp.mcuxpresso.tools.win32_11.0.0.201905131304/tools/bin/../lib/gcc/arm-none-eabi/8.2.1/../../../../arm-none-eabi/lib/thumb/v6-m/nofp/crt0.o
LOAD ./utilities/fsl_debug_console.o
LOAD ./startup/startup_MKW41Z4.o
LOAD ./source/MyNewTask.o
LOAD ./source/mtb.o
LOAD ./source/mwa_coordinator.o
LOAD ./source/semihost_hardfault.o
LOAD ./ieee_802.15.4/phy/source/MKW41Z/ASP.o
LOAD ./ieee_802.15.4/phy/source/MKW41Z/MPM.o
LOAD ./ieee_802.15.4/phy/source/MKW41Z/PhyISR.o
LOAD ./ieee_802.15.4/phy/source/MKW41Z/PhyPacketProcessor.o
LOAD ./ieee_802.15.4/phy/source/MKW41Z/PhyPlmeData.o
LOAD ./ieee_802.15.4/phy/source/MKW41Z/PhyStateMachine.o
LOAD ./ieee_802.15.4/phy/source/MKW41Z/PhyTime.o
LOAD ./ieee_802.15.4/mac/source/App/FsciAspCommands.o
LOAD ./ieee_802.15.4/mac/source/App/FsciMacCommands.o
LOAD ./ieee_802.15.4/mac/source/App/MacGlobals.o
LOAD ./freertos/croutine.o
LOAD ./freertos/event_groups.o
LOAD ./freertos/fsl_tickless_lptmr.o
LOAD ./freertos/fsl_tickless_systick.o
LOAD ./freertos/heap_4.o
LOAD ./freertos/list.o
LOAD ./freertos/port.o
LOAD ./freertos/queue.o
LOAD ./freertos/tasks.o
LOAD ./freertos/timers.o
LOAD ./framework/XCVR/MKW41Z4/cfgs_kw4x_3x_2x/fsl_xcvr_ant_config.o
LOAD ./framework/XCVR/MKW41Z4/cfgs_kw4x_3x_2x/fsl_xcvr_ble_config.o
LOAD ./framework/XCVR/MKW41Z4/cfgs_kw4x_3x_2x/fsl_xcvr_common_config.o
LOAD ./framework/XCVR/MKW41Z4/cfgs_kw4x_3x_2x/fsl_xcvr_gfsk_bt_0p3_h_0p5_config.o
LOAD ./framework/XCVR/MKW41Z4/cfgs_kw4x_3x_2x/fsl_xcvr_gfsk_bt_0p5_h_0p32_config.o
LOAD ./framework/XCVR/MKW41Z4/cfgs_kw4x_3x_2x/fsl_xcvr_gfsk_bt_0p5_h_0p5_config.o
LOAD ./framework/XCVR/MKW41Z4/cfgs_kw4x_3x_2x/fsl_xcvr_gfsk_bt_0p5_h_0p7_config.o
LOAD ./framework/XCVR/MKW41Z4/cfgs_kw4x_3x_2x/fsl_xcvr_gfsk_bt_0p5_h_1p0_config.o
LOAD ./framework/XCVR/MKW41Z4/cfgs_kw4x_3x_2x/fsl_xcvr_gfsk_bt_0p7_h_0p5_config.o
LOAD ./framework/XCVR/MKW41Z4/cfgs_kw4x_3x_2x/fsl_xcvr_mode_datarate_config.o
LOAD ./framework/XCVR/MKW41Z4/cfgs_kw4x_3x_2x/fsl_xcvr_msk_config.o
LOAD ./framework/XCVR/MKW41Z4/cfgs_kw4x_3x_2x/fsl_xcvr_zgbe_config.o
LOAD ./framework/XCVR/MKW41Z4/dbg_ram_capture.o
LOAD ./framework/XCVR/MKW41Z4/fsl_xcvr.o
LOAD ./framework/XCVR/MKW41Z4/fsl_xcvr_trim.o
LOAD ./framework/XCVR/MKW41Z4/ifr_radio.o
LOAD ./framework/TimersManager/Source/TMR_Adapter.o
LOAD ./framework/TimersManager/Source/TimersManager.o
LOAD ./framework/SerialManager/Source/UART_Adapter/UART_Adapter.o
LOAD ./framework/SerialManager/Source/SPI_Adapter/SPI_Adapter.o
LOAD ./framework/SerialManager/Source/I2C_Adapter/I2C_Adapter.o
LOAD ./framework/SerialManager/Source/SerialManager.o
LOAD ./framework/SecLib/SecLib.o
LOAD ./framework/Reset/Reset.o
LOAD ./framework/RNG/Source/RNG.o
LOAD ./framework/Panic/Source/Panic.o
LOAD ./framework/OSAbstraction/Source/fsl_os_abstraction_free_rtos.o
LOAD ./framework/ModuleInfo/ModuleInfo.o
LOAD ./framework/Messaging/Source/Messaging.o
LOAD ./framework/MemManager/Source/MemManager.o
LOAD ./framework/MWSCoexistence/Source/MWS.o
LOAD ./framework/Lists/GenericList.o
LOAD ./framework/LED/Source/LED.o
LOAD ./framework/Keyboard/Source/Keyboard.o
LOAD ./framework/GPIO/GPIO_Adapter.o
LOAD ./framework/FunctionLib/FunctionLib.o
LOAD ./framework/Flash/Internal/Flash_Adapter.o
LOAD ./framework/DCDC/Source/DCDC.o
LOAD ./drivers/fsl_adc16.o
LOAD ./drivers/fsl_clock.o
LOAD ./drivers/fsl_common.o
LOAD ./drivers/fsl_dspi.o
LOAD ./drivers/fsl_dspi_freertos.o
LOAD ./drivers/fsl_flash.o
LOAD ./drivers/fsl_gpio.o
LOAD ./drivers/fsl_i2c.o
LOAD ./drivers/fsl_i2c_freertos.o
LOAD ./drivers/fsl_llwu.o
LOAD ./drivers/fsl_lptmr.o
LOAD ./drivers/fsl_lpuart.o
LOAD ./drivers/fsl_lpuart_freertos.o
LOAD ./drivers/fsl_ltc.o
LOAD ./drivers/fsl_pmc.o
LOAD ./drivers/fsl_rtc.o
LOAD ./drivers/fsl_smc.o
LOAD ./drivers/fsl_tpm.o
LOAD ./drivers/fsl_trng.o
LOAD ./drivers/fsl_tsi_v4.o
LOAD ./board/board.o
LOAD ./board/clock_config.o
LOAD ./board/gpio_pins.o
LOAD ./board/pin_mux.o
LOAD ./CMSIS/system_MKW41Z4.o
LOAD c:/nxp/mcuxpressoide_11.0.0_2516/ide/plugins/com.nxp.mcuxpresso.tools.win32_11.0.0.201905131304/tools/bin/../lib/gcc/arm-none-eabi/8.2.1/../../../../arm-none-eabi/lib/thumb/v6-m/nofp\libm.a
LOAD c:/nxp/mcuxpressoide_11.0.0_2516/ide/plugins/com.nxp.mcuxpresso.tools.win32_11.0.0.201905131304/tools/bin/../lib/gcc/arm-none-eabi/8.2.1/../../../../arm-none-eabi/lib/thumb/v6-m/nofp\libc.a
LOAD c:/nxp/mcuxpressoide_11.0.0_2516/ide/plugins/com.nxp.mcuxpresso.tools.win32_11.0.0.201905131304/tools/bin/../lib/gcc/arm-none-eabi/8.2.1/thumb/v6-m/nofp\libgcc.a
LOAD c:/nxp/mcuxpressoide_11.0.0_2516/ide/plugins/com.nxp.mcuxpresso.tools.win32_11.0.0.201905131304/tools/bin/../lib/gcc/arm-none-eabi/8.2.1/../../../../arm-none-eabi/lib/thumb/v6-m/nofp\libnosys.a
LOAD C:\Embebidos\Redes\frdmkw41z_wireless_examples_ieee_802_15_4_mwa_coordinator_freertos\libs\lib_crypto_m0.a
LOAD C:\Embebidos\Redes\frdmkw41z_wireless_examples_ieee_802_15_4_mwa_coordinator_freertos\libs\lib802.15.4_mac_06_cm0.a
START GROUP
LOAD c:/nxp/mcuxpressoide_11.0.0_2516/ide/plugins/com.nxp.mcuxpresso.tools.win32_11.0.0.201905131304/tools/bin/../lib/gcc/arm-none-eabi/8.2.1/thumb/v6-m/nofp\libgcc.a
LOAD c:/nxp/mcuxpressoide_11.0.0_2516/ide/plugins/com.nxp.mcuxpresso.tools.win32_11.0.0.201905131304/tools/bin/../lib/gcc/arm-none-eabi/8.2.1/../../../../arm-none-eabi/lib/thumb/v6-m/nofp\libc.a
END GROUP
LOAD c:/nxp/mcuxpressoide_11.0.0_2516/ide/plugins/com.nxp.mcuxpresso.tools.win32_11.0.0.201905131304/tools/bin/../lib/gcc/arm-none-eabi/8.2.1/thumb/v6-m/nofp/crtend.o
LOAD c:/nxp/mcuxpressoide_11.0.0_2516/ide/plugins/com.nxp.mcuxpresso.tools.win32_11.0.0.201905131304/tools/bin/../lib/gcc/arm-none-eabi/8.2.1/thumb/v6-m/nofp/crtn.o
                0x00000001                gUseNVMLink_d = DEFINED (gUseNVMLink_d)?gUseNVMLink_d:0x1
                0x00000004                gNVMSectorCountLink_d = DEFINED (gNVMSectorCountLink_d)?gNVMSectorCountLink_d:0x4
                0x00000001                __ram_vector_table__ = DEFINED (__ram_vector_table__)?__ram_vector_table__:0x1
                0x00000000                __region_ROM_start__ = 0x0
                0x0007ffff                __region_ROM_end__ = 0x7ffff
                0x1fff8000                __region_RAM1_start__ = 0x1fff8000
                0x1fffffff                __region_RAM1_end__ = 0x1fffffff
                0x20000000                __region_RAM2_start__ = 0x20000000
                0x20017fff                __region_RAM2_end__ = 0x20017fff
                0x000000c0                __vector_table_size__ = 0xc0
                0x00000000                __ram_vector_table_size__ = DEFINED (__ram_vector_table__)?__vector_table_size__:0x0
                0x1fff8000                _RAM_START_ = __region_RAM1_start__
                0x20017fff                _RAM_END_ = __region_RAM2_end__
                0x00000000                m_interrupts_start = __region_ROM_start__
                0x000000bf                m_interrupts_end = ((m_interrupts_start + __vector_table_size__) - 0x1)
                0x00000400                m_flash_config_start = 0x400
                0x00000410                m_flash_config_end = 0x410
                0x00000800                m_sector_size = 0x800
                0x00000200                __size_cstack__ = DEFINED (__stack_size__)?__stack_size__:0x200
                0x00000000                __size_heap__ = DEFINED (__heap_size__)?__heap_size__:0x0
                0x0007f800                m_fsl_prodInfo_start = ((__region_ROM_end__ - m_sector_size) + 0x1)
                0x0007ffff                m_fsl_prodInfo_end = __region_ROM_end__
                0x0007f800                FREESCALE_PROD_DATA_BASE_ADDR = m_fsl_prodInfo_start
                0x00000800                NV_STORAGE_SECTOR_SIZE = m_sector_size
                0x00000004                NV_STORAGE_MAX_SECTORS = gNVMSectorCountLink_d
                0x0007f7ff                NV_STORAGE_START_ADDRESS = (m_fsl_prodInfo_start - 0x1)
                0x0007d800                NV_STORAGE_END_ADDRESS = ((NV_STORAGE_START_ADDRESS - (NV_STORAGE_MAX_SECTORS * NV_STORAGE_SECTOR_SIZE)) + 0x1)
                0x00000800                NV_STORAGE_SECTOR_SIZE_C = m_sector_size
                0x00000004                NV_STORAGE_MAX_SECTORS_C = gNVMSectorCountLink_d
                0x0007f7ff                NV_STORAGE_START_ADDRESS_C = (m_fsl_prodInfo_start - 0x1)
                0x0007d800                NV_STORAGE_END_ADDRESS_C = ((NV_STORAGE_START_ADDRESS_C - (NV_STORAGE_MAX_SECTORS_C * NV_STORAGE_SECTOR_SIZE_C)) + 0x1)
                0x00000000                m_text_start = m_interrupts_start
                0x0007d7ff                m_text_end = (NV_STORAGE_END_ADDRESS_C - 0x1)
                0x20000000                m_interrupts_ram_start = __region_RAM2_start__
                0x200000bf                m_interrupts_ram_end = ((m_interrupts_ram_start + __ram_vector_table_size__) - 0x1)
                0x20017fff                __CSTACK_end__ = __region_RAM2_end__
                0x20017dff                __CSTACK_start__ = (__CSTACK_end__ - __size_cstack__)
                0x20017dfe                __HEAP_end__ = (__CSTACK_start__ - 0x1)
                0x20017dfa                __HEAP_start__ = ((__HEAP_end__ - __size_heap__) - 0x4)
                0x1fff8000                m_data1_start = __region_RAM1_start__
                0x1fffffff                m_data1_end = __region_RAM1_end__
                0x20000000                m_data2_start = m_interrupts_ram_start
                0x20017df9                m_data2_end = (__HEAP_start__ - 0x1)
                0x000000c0                __RAM_VECTOR_TABLE_SIZE = __ram_vector_table_size__
                0x20017dea                __BOOT_STACK_ADDRESS = (m_data2_end - 0xf)

.interrupts     0x00000000       0xc0
                0x00000000                __VECTOR_TABLE = .
                0x00000000                . = ALIGN (0x4)
 *(SORT_BY_ALIGNMENT(.isr_vector))
 .isr_vector    0x00000000       0xc0 ./startup/startup_MKW41Z4.o
                0x00000000                __isr_vector
                0x000000c0                . = ALIGN (0x4)

.freescale_prod_data
                0x0007f800        0x0
                0x0007f800                . = ALIGN (0x4)
 *(SORT_BY_ALIGNMENT(.FREESCALE_PROD_DATA))
                0x0007f800                . = ALIGN (0x4)

.flash_config   0x00000400       0x10
                0x00000400                . = ALIGN (0x4)
 *(SORT_BY_ALIGNMENT(.FlashConfig))
 .FlashConfig   0x00000400       0x10 ./startup/startup_MKW41Z4.o
                0x00000410                . = ALIGN (0x4)

.text           0x00000420    0x1a92c
                0x00000420                . = ALIGN (0x4)
 *(SORT_BY_ALIGNMENT(.text))
 .text          0x00000420       0x48 c:/nxp/mcuxpressoide_11.0.0_2516/ide/plugins/com.nxp.mcuxpresso.tools.win32_11.0.0.201905131304/tools/bin/../lib/gcc/arm-none-eabi/8.2.1/thumb/v6-m/nofp/crtbegin.o
 .text          0x00000468       0x78 c:/nxp/mcuxpressoide_11.0.0_2516/ide/plugins/com.nxp.mcuxpresso.tools.win32_11.0.0.201905131304/tools/bin/../lib/gcc/arm-none-eabi/8.2.1/../../../../arm-none-eabi/lib/thumb/v6-m/nofp/crt0.o
                0x00000468                _start
                0x00000468                _mainCRTStartup
 .text          0x000004e0       0xc0 ./startup/startup_MKW41Z4.o
                0x000004e0                Reset_Handler
                0x00000528                Radio_0_IRQHandler
                0x00000528                DMA0_DriverIRQHandler
                0x00000528                CMP0_IRQHandler
                0x00000528                DMA2_DriverIRQHandler
                0x00000528                TPM0_IRQHandler
                0x00000528                Radio_1_IRQHandler
                0x00000528                LLWU_IRQHandler
                0x00000528                TSI0_IRQHandler
                0x00000528                ADC0_IRQHandler
                0x00000528                CMT_IRQHandler
                0x00000528                LPTMR0_IRQHandler
                0x00000528                DefaultISR
                0x00000528                PORTB_PORTC_IRQHandler
                0x00000528                TPM2_IRQHandler
                0x00000528                RTC_IRQHandler
                0x00000528                LVD_LVW_DCDC_IRQHandler
                0x00000528                DMA3_DriverIRQHandler
                0x00000528                RTC_Seconds_IRQHandler
                0x00000528                MCG_IRQHandler
                0x00000528                TRNG0_IRQHandler
                0x00000528                Reserved20_IRQHandler
                0x00000528                LTC0_IRQHandler
                0x00000528                PIT_IRQHandler
                0x00000528                DMA1_DriverIRQHandler
                0x00000528                FTFA_IRQHandler
                0x00000528                PORTA_IRQHandler
                0x00000528                TPM1_IRQHandler
                0x00000528                DAC0_IRQHandler
                0x00000540                DMA0_IRQHandler
                0x00000544                DMA1_IRQHandler
                0x00000548                DMA2_IRQHandler
                0x0000054c                DMA3_IRQHandler
                0x00000550                I2C0_IRQHandler
                0x00000554                I2C1_IRQHandler
                0x00000558                SPI0_IRQHandler
                0x0000055c                LPUART0_IRQHandler
                0x00000560                SPI1_IRQHandler
 .text          0x000005a0      0x114 c:/nxp/mcuxpressoide_11.0.0_2516/ide/plugins/com.nxp.mcuxpresso.tools.win32_11.0.0.201905131304/tools/bin/../lib/gcc/arm-none-eabi/8.2.1/thumb/v6-m/nofp\libgcc.a(_udivsi3.o)
                0x000005a0                __aeabi_uidiv
                0x000005a0                __udivsi3
                0x000006ac                __aeabi_uidivmod
 .text          0x000006b4      0x1d4 c:/nxp/mcuxpressoide_11.0.0_2516/ide/plugins/com.nxp.mcuxpresso.tools.win32_11.0.0.201905131304/tools/bin/../lib/gcc/arm-none-eabi/8.2.1/thumb/v6-m/nofp\libgcc.a(_divsi3.o)
                0x000006b4                __divsi3
                0x000006b4                __aeabi_idiv
                0x00000880                __aeabi_idivmod
 .text          0x00000888        0x4 c:/nxp/mcuxpressoide_11.0.0_2516/ide/plugins/com.nxp.mcuxpresso.tools.win32_11.0.0.201905131304/tools/bin/../lib/gcc/arm-none-eabi/8.2.1/thumb/v6-m/nofp\libgcc.a(_dvmd_tls.o)
                0x00000888                __aeabi_idiv0
                0x00000888                __aeabi_ldiv0
 .text          0x0000088c       0x74 c:/nxp/mcuxpressoide_11.0.0_2516/ide/plugins/com.nxp.mcuxpresso.tools.win32_11.0.0.201905131304/tools/bin/../lib/gcc/arm-none-eabi/8.2.1/thumb/v6-m/nofp\libgcc.a(_arm_cmpsf2.o)
                0x0000088c                __aeabi_cfrcmple
                0x00000894                __aeabi_cfcmpeq
                0x00000894                __aeabi_cfcmple
                0x000008a4                __aeabi_fcmpeq
                0x000008b0                __aeabi_fcmplt
                0x000008c4                __aeabi_fcmple
                0x000008d8                __aeabi_fcmpgt
                0x000008ec                __aeabi_fcmpge
 .text          0x00000900       0x40 c:/nxp/mcuxpressoide_11.0.0_2516/ide/plugins/com.nxp.mcuxpresso.tools.win32_11.0.0.201905131304/tools/bin/../lib/gcc/arm-none-eabi/8.2.1/thumb/v6-m/nofp\libgcc.a(_aeabi_uldivmod.o)
                0x00000900                __aeabi_uldivmod
 .text          0x00000940       0x54 c:/nxp/mcuxpressoide_11.0.0_2516/ide/plugins/com.nxp.mcuxpresso.tools.win32_11.0.0.201905131304/tools/bin/../lib/gcc/arm-none-eabi/8.2.1/thumb/v6-m/nofp\libgcc.a(_muldi3.o)
                0x00000940                __muldi3
                0x00000940                __aeabi_lmul
 .text          0x00000994       0x30 c:/nxp/mcuxpressoide_11.0.0_2516/ide/plugins/com.nxp.mcuxpresso.tools.win32_11.0.0.201905131304/tools/bin/../lib/gcc/arm-none-eabi/8.2.1/thumb/v6-m/nofp\libgcc.a(_fixunssfsi.o)
                0x00000994                __fixunssfsi
                0x00000994                __aeabi_f2uiz
 .text          0x000009c4      0x1a4 c:/nxp/mcuxpressoide_11.0.0_2516/ide/plugins/com.nxp.mcuxpresso.tools.win32_11.0.0.201905131304/tools/bin/../lib/gcc/arm-none-eabi/8.2.1/thumb/v6-m/nofp\libgcc.a(_udivmoddi4.o)
                0x000009c4                __udivmoddi4
 .text          0x00000b68      0x2f8 c:/nxp/mcuxpressoide_11.0.0_2516/ide/plugins/com.nxp.mcuxpresso.tools.win32_11.0.0.201905131304/tools/bin/../lib/gcc/arm-none-eabi/8.2.1/thumb/v6-m/nofp\libgcc.a(addsf3.o)
                0x00000b68                __aeabi_fadd
 .text          0x00000e60      0x230 c:/nxp/mcuxpressoide_11.0.0_2516/ide/plugins/com.nxp.mcuxpresso.tools.win32_11.0.0.201905131304/tools/bin/../lib/gcc/arm-none-eabi/8.2.1/thumb/v6-m/nofp\libgcc.a(divsf3.o)
                0x00000e60                __aeabi_fdiv
 .text          0x00001090       0x50 c:/nxp/mcuxpressoide_11.0.0_2516/ide/plugins/com.nxp.mcuxpresso.tools.win32_11.0.0.201905131304/tools/bin/../lib/gcc/arm-none-eabi/8.2.1/thumb/v6-m/nofp\libgcc.a(eqsf2.o)
                0x00001090                __eqsf2
                0x00001090                __nesf2
 .text          0x000010e0       0x9c c:/nxp/mcuxpressoide_11.0.0_2516/ide/plugins/com.nxp.mcuxpresso.tools.win32_11.0.0.201905131304/tools/bin/../lib/gcc/arm-none-eabi/8.2.1/thumb/v6-m/nofp\libgcc.a(gesf2.o)
                0x000010e0                __gesf2
                0x000010e0                __gtsf2
 .text          0x0000117c       0x9c c:/nxp/mcuxpressoide_11.0.0_2516/ide/plugins/com.nxp.mcuxpresso.tools.win32_11.0.0.201905131304/tools/bin/../lib/gcc/arm-none-eabi/8.2.1/thumb/v6-m/nofp\libgcc.a(lesf2.o)
                0x0000117c                __ltsf2
                0x0000117c                __lesf2
 .text          0x00001218      0x22c c:/nxp/mcuxpressoide_11.0.0_2516/ide/plugins/com.nxp.mcuxpresso.tools.win32_11.0.0.201905131304/tools/bin/../lib/gcc/arm-none-eabi/8.2.1/thumb/v6-m/nofp\libgcc.a(mulsf3.o)
                0x00001218                __aeabi_fmul
 .text          0x00001444      0x34c c:/nxp/mcuxpressoide_11.0.0_2516/ide/plugins/com.nxp.mcuxpresso.tools.win32_11.0.0.201905131304/tools/bin/../lib/gcc/arm-none-eabi/8.2.1/thumb/v6-m/nofp\libgcc.a(subsf3.o)
                0x00001444                __aeabi_fsub
 .text          0x00001790       0x40 c:/nxp/mcuxpressoide_11.0.0_2516/ide/plugins/com.nxp.mcuxpresso.tools.win32_11.0.0.201905131304/tools/bin/../lib/gcc/arm-none-eabi/8.2.1/thumb/v6-m/nofp\libgcc.a(fixsfsi.o)
                0x00001790                __aeabi_f2iz
 .text          0x000017d0       0x94 c:/nxp/mcuxpressoide_11.0.0_2516/ide/plugins/com.nxp.mcuxpresso.tools.win32_11.0.0.201905131304/tools/bin/../lib/gcc/arm-none-eabi/8.2.1/thumb/v6-m/nofp\libgcc.a(floatsisf.o)
                0x000017d0                __aeabi_i2f
 .text          0x00001864       0x80 c:/nxp/mcuxpressoide_11.0.0_2516/ide/plugins/com.nxp.mcuxpresso.tools.win32_11.0.0.201905131304/tools/bin/../lib/gcc/arm-none-eabi/8.2.1/thumb/v6-m/nofp\libgcc.a(floatunsisf.o)
                0x00001864                __aeabi_ui2f
 .text          0x000018e4       0x3c c:/nxp/mcuxpressoide_11.0.0_2516/ide/plugins/com.nxp.mcuxpresso.tools.win32_11.0.0.201905131304/tools/bin/../lib/gcc/arm-none-eabi/8.2.1/thumb/v6-m/nofp\libgcc.a(_clzsi2.o)
                0x000018e4                __clzsi2
 .text          0x00001920       0x18 c:/nxp/mcuxpressoide_11.0.0_2516/ide/plugins/com.nxp.mcuxpresso.tools.win32_11.0.0.201905131304/tools/bin/../lib/gcc/arm-none-eabi/8.2.1/thumb/v6-m/nofp\libgcc.a(_clzdi2.o)
                0x00001920                __clzdi2
 .text          0x00001938       0x38 C:\Embebidos\Redes\frdmkw41z_wireless_examples_ieee_802_15_4_mwa_coordinator_freertos\libs\lib_crypto_m0.a(SW_RNG.o)
                0x00001938                SecLib_set_rng_seed
                0x00001948                SecLib_get_random
 .text          0x00001970      0x530 C:\Embebidos\Redes\frdmkw41z_wireless_examples_ieee_802_15_4_mwa_coordinator_freertos\libs\lib802.15.4_mac_06_cm0.a(MacMain.o)
                0x00001970                BindToMAC
                0x0000199c                UnBindFromMAC
                0x000019b8                MAC_EventSet
                0x000019e2                Mac_Task
                0x00001ad4                Mac_InitializeData
                0x00001b78                Mac_RegisterSapHandlers
                0x00001b8a                PD_MAC_SapHandler
                0x00001bac                PLME_MAC_SapHandler
                0x00001bb4                NWK_MCPS_SapHandler
                0x00001c10                NWK_MLME_SapHandler
                0x00001cb8                Mlme_VerifyNwkInput
                0x00001dc4                Mac_GetState
                0x00001e2c                Dumy_MCPS_NWK_SapHandler
                0x00001e30                Dumy_MLME_NWK_SapHandler
                0x00001e3a                Mac_SetTrxLowPowerMode
                0x00001e6e                Mac_SetTrxActiveMode
 .text          0x00001ea0      0xc88 C:\Embebidos\Redes\frdmkw41z_wireless_examples_ieee_802_15_4_mwa_coordinator_freertos\libs\lib802.15.4_mac_06_cm0.a(MacPib.o)
                0x00001ea0                macInitPIBs
                0x000021ac                macVerifySetReq
                0x000022b0                mlmeGetSetReq
                0x00002838                mlmeGetSizeOfPIB
                0x00002986                Mac_SetPhyPIBs
                0x00002ab6                Mac_SetExtendedAddress
                0x00002ae4                Mac_GetExtendedAddress
 .text          0x00002b28      0x5a0 C:\Embebidos\Redes\frdmkw41z_wireless_examples_ieee_802_15_4_mwa_coordinator_freertos\libs\lib802.15.4_mac_06_cm0.a(MacStateMachine.o)
                0x00002b28                Mac_TransactionExpire
                0x00002b34                Mac_PhyMsgHandler
                0x00002bf4                Mac_NwkMsgHandler
                0x00002e28                Mac_McpsDataReqHandle
 .text          0x000030c8      0x290 C:\Embebidos\Redes\frdmkw41z_wireless_examples_ieee_802_15_4_mwa_coordinator_freertos\libs\lib802.15.4_mac_06_cm0.a(Poll.o)
                0x000030c8                Poll_VerifyParameters
                0x00003106                Poll_InitSeq
                0x0000316e                Poll_SendStatus
                0x000031a8                Poll_DataRx
                0x00003264                Poll_SendConfirm
                0x000032fc                Poll_Timeout
 .text          0x00003358       0xdc C:\Embebidos\Redes\frdmkw41z_wireless_examples_ieee_802_15_4_mwa_coordinator_freertos\libs\lib802.15.4_mac_06_cm0.a(RxEnable.o)
                0x00003358                RxEnable_InitSeq
                0x000033b2                RxEnable_SetRx
                0x000033f2                RxEnable_Deactivate
 .text          0x00003434      0x670 C:\Embebidos\Redes\frdmkw41z_wireless_examples_ieee_802_15_4_mwa_coordinator_freertos\libs\lib802.15.4_mac_06_cm0.a(Scan.o)
                0x00003434                Mac_ScanMsgHandler
                0x000034c2                Scan_StartFastEDScan
                0x000034f4                Scan_StartEDScan
                0x0000356c                Scan_StartActivePassiveScan
                0x000035c6                Scan_StartOrphanScan
                0x000035f6                Scan_Advance
                0x00003618                Scan_StartTimer
                0x00003644                Scan_FastEdAcquire
                0x0000369a                Scan_EdAcquire
                0x000036ee                Scan_ActivePassiveAcquire
                0x0000382c                Scan_OrphanAcquire
 .text          0x00003aa4      0x1b6 C:\Embebidos\Redes\frdmkw41z_wireless_examples_ieee_802_15_4_mwa_coordinator_freertos\libs\lib802.15.4_mac_06_cm0.a(Start.o)
                0x00003aa4                Start_VerifyParameters
                0x00003b64                Start_InitSeq
                0x00003baa                Start_SetPIBs
                0x00003c0a                CoordRealignment_SendStatus
                0x00003c32                Start_SeqTerminate
 *fill*         0x00003c5a        0x2 
 .text          0x00003c5c      0x3c6 C:\Embebidos\Redes\frdmkw41z_wireless_examples_ieee_802_15_4_mwa_coordinator_freertos\libs\lib802.15.4_mac_06_cm0.a(Association.o)
                0x00003c5c                Association_VerifyParameters
                0x00003cac                Association_InitSeq
                0x00003d10                Association_TriggerPoll
                0x00003d4a                AssociationPoll_SendStatus
                0x00003de4                AssociationPoll_DataRx
                0x00003ee4                AssociationReq_SendStatus
                0x00003fa0                AssociationRes_VerifyParameters
                0x00003fd4                AssociationRes_SendStatus
 *fill*         0x00004022        0x2 
 .text          0x00004024      0x710 C:\Embebidos\Redes\frdmkw41z_wireless_examples_ieee_802_15_4_mwa_coordinator_freertos\libs\lib802.15.4_mac_06_cm0.a(DataRx.o)
                0x00004024                Mac_PreProcessDataIndication
                0x000040b0                Mac_ProcessDataIndication
                0x000042d0                Mac_ProcessBeaconFrame
                0x00004484                Mac_CreateMcpsDataInd
                0x00004536                Mac_CreateMlmeCommStatusInd
                0x000045d8                Mac_CreateMlmeSyncLossInd
                0x00004632                Mac_IsPanIdConflict
                0x00004690                Mac_IsMyCoordinator
                0x000046e2                Mac_PostponeActiveSeq
 .text          0x00004734      0x5d8 C:\Embebidos\Redes\frdmkw41z_wireless_examples_ieee_802_15_4_mwa_coordinator_freertos\libs\lib802.15.4_mac_06_cm0.a(DataTx.o)
                0x00004734                DataTx_VerifyParameters
                0x000047aa                DataTx_InitSeq
                0x00004998                DataTx_SendData
                0x000049cc                DataTx_SendDataConfirm
                0x00004a66                DataTx_SendEmptyFrame
                0x00004aa0                DataTx_SendStatus
                0x00004bcc                DataTx_CheckForExpirePackets
                0x00004c58                Mac_GetRandomBackoff
                0x00004c78                DataTx_CsmaCaRetry
                0x00004ca0                DataTx_Backoff
                0x00004cb2                DataTx_SendDataWithBackoff
                0x00004d00                Mac_InitCsmaCaVariables
 .text          0x00004d0c      0x10c C:\Embebidos\Redes\frdmkw41z_wireless_examples_ieee_802_15_4_mwa_coordinator_freertos\libs\lib802.15.4_mac_06_cm0.a(Disassociation.o)
                0x00004d0c                Disassociation_VerifyParameters
                0x00004d96                Disassociation_InitSeq
                0x00004dd8                Disassociation_SendStatus
 .text          0x00004e18      0xca4 C:\Embebidos\Redes\frdmkw41z_wireless_examples_ieee_802_15_4_mwa_coordinator_freertos\libs\lib802.15.4_mac_06_cm0.a(MacFrames.o)
                0x00004e18                FrameBuild_AssociationRequest
                0x00004e80                FrameBuild_AssociationResponse
                0x00004f00                FrameBuild_DisassociationNotification
                0x00004f70                FrameBuild_DataRequest
                0x00005026                FrameBuild_PanIdConflictNotification
                0x00005058                FrameBuild_OrphanNotification
                0x0000508a                FrameBuild_BeaconRequest
                0x000050c8                FrameBuild_CoordinatorRealignment
                0x000051f4                FrameBuild_Beacon
                0x000053b4                FrameBuild_Data
                0x0000563c                FrameBuild_ZeroLengthPayload
                0x00005704                Mac_GetMacHeader
                0x000057e8                Mac_GetMaxMsduLength
                0x00005818                Mac_GetOverheadSize
                0x00005864                FrameBuild_Command
                0x00005ab8                addrModeFieldLengthTable
 .text          0x00005abc       0x4c C:\Embebidos\Redes\frdmkw41z_wireless_examples_ieee_802_15_4_mwa_coordinator_freertos\libs\lib802.15.4_mac_06_cm0.a(MacMem.o)
                0x00005abc                Mac_MemAllocZero
                0x00005adc                FrameAlloc
 .text          0x00005b08      0xa28 C:\Embebidos\Redes\frdmkw41z_wireless_examples_ieee_802_15_4_mwa_coordinator_freertos\libs\lib802.15.4_mac_06_cm0.a(MacSec.o)
                0x00005b40                Sec_DetermineASHLength
                0x00005b70                keyIdModeToAshLengthTable
                0x00005cd6                Sec_CheckBeaconSecurityParameters
                0x00005d94                Sec_SecureTxFrame
                0x00005f4c                Sec_CreateAuxSecHeader
                0x00005fd4                Sec_CheckRxSecLevel
                0x00005fdc                Sec_UnsecureRxFrame
 .text          0x00006530       0x78 c:/nxp/mcuxpressoide_11.0.0_2516/ide/plugins/com.nxp.mcuxpresso.tools.win32_11.0.0.201905131304/tools/bin/../lib/gcc/arm-none-eabi/8.2.1/thumb/v6-m/nofp\libgcc.a(unaligned-funcs.o)
                0x00006530                __aeabi_uread4
                0x00006548                __aeabi_uwrite4
                0x0000655c                __aeabi_uread8
                0x00006588                __aeabi_uwrite8
 .text          0x000065a8       0xce C:\Embebidos\Redes\frdmkw41z_wireless_examples_ieee_802_15_4_mwa_coordinator_freertos\libs\lib802.15.4_mac_06_cm0.a(Orphan.o)
                0x000065a8                Orphan_VerifyParameters
                0x000065e0                Orphan_InitSeq
                0x00006622                Orphan_SendStatus
 .text          0x00006676      0x11c C:\Embebidos\Redes\frdmkw41z_wireless_examples_ieee_802_15_4_mwa_coordinator_freertos\libs\lib802.15.4_mac_06_cm0.a(Reset.o)
                0x00006676                mlmeResetReq
 .text          0x00006792       0xfa C:\Embebidos\Redes\frdmkw41z_wireless_examples_ieee_802_15_4_mwa_coordinator_freertos\libs\lib802.15.4_mac_06_cm0.a(MacSequenceMngr.o)
                0x00006792                getFirstSequenceByChecksum
                0x000067ac                getLastSequenceByChecksum
                0x000067cc                getSequenceByDestination
                0x000067f6                getSequenceByMsduHandle
                0x00006816                createNewSeq
                0x0000682c                getChecksum
                0x00006858                getFreeIndex
 .text          0x0000688c       0x68 C:\Embebidos\Redes\frdmkw41z_wireless_examples_ieee_802_15_4_mwa_coordinator_freertos\libs\lib802.15.4_mac_06_cm0.a(SecurityLib.o)
                0x0000688c                AES_128_CCM_Star
 *(SORT_BY_ALIGNMENT(.text*))
 *fill*         0x000068f4        0xc 
 .text.vPortStartFirstTask
                0x00006900       0x38 ./freertos/port.o
 *fill*         0x00006938        0x8 
 .text.PendSV_Handler
                0x00006940       0x48 ./freertos/port.o
                0x00006940                PendSV_Handler
 .text.myTaskTimerCallback
                0x00006988       0x20 ./source/MyNewTask.o
 .text.My_Task  0x000069a8       0xbc ./source/MyNewTask.o
                0x000069a8                My_Task
 .text.MyTask_Init
                0x00006a64       0x34 ./source/MyNewTask.o
                0x00006a64                MyTask_Init
 .text.MyTaskTimer_Start
                0x00006a98       0x1c ./source/MyNewTask.o
                0x00006a98                MyTaskTimer_Start
 .text.MyTaskTimer_Stop
                0x00006ab4       0x1c ./source/MyNewTask.o
                0x00006ab4                MyTaskTimer_Stop
 .text.main_task
                0x00006ad0       0x7c ./source/mwa_coordinator.o
                0x00006ad0                main_task
 .text.App_init
                0x00006b4c       0xb8 ./source/mwa_coordinator.o
                0x00006b4c                App_init
 .text.AppThread
                0x00006c04      0x318 ./source/mwa_coordinator.o
                0x00006c04                AppThread
 .text.UartRxCallBack
                0x00006f1c       0x64 ./source/mwa_coordinator.o
 .text.App_StartScan
                0x00006f80       0xc8 ./source/mwa_coordinator.o
 .text.App_HandleScanEdConfirm
                0x00007048      0x148 ./source/mwa_coordinator.o
 .text.App_StartCoordinator
                0x00007190      0x160 ./source/mwa_coordinator.o
 .text.App_SendAssociateResponse
                0x000072f0      0x100 ./source/mwa_coordinator.o
 .text.App_HandleMlmeInput
                0x000073f0       0x70 ./source/mwa_coordinator.o
 .text.App_HandleMcpsInput
                0x00007460       0x5c ./source/mwa_coordinator.o
 .text.App_TransmitUartData
                0x000074bc      0x1a4 ./source/mwa_coordinator.o
 .text.App_HandleKeys
                0x00007660       0x40 ./source/mwa_coordinator.o
 .text.MLME_NWK_SapHandler
                0x000076a0       0x34 ./source/mwa_coordinator.o
                0x000076a0                MLME_NWK_SapHandler
 .text.MCPS_NWK_SapHandler
                0x000076d4       0x34 ./source/mwa_coordinator.o
                0x000076d4                MCPS_NWK_SapHandler
 .text.HardFault_Handler
                0x00007708       0x30 ./source/semihost_hardfault.o
                0x00007708                HardFault_Handler
 .text.NVIC_EnableIRQ
                0x00007738       0x2c ./ieee_802.15.4/phy/source/MKW41Z/PhyISR.o
 .text.NVIC_SetPendingIRQ
                0x00007764       0x30 ./ieee_802.15.4/phy/source/MKW41Z/PhyISR.o
 .text.NVIC_ClearPendingIRQ
                0x00007794       0x30 ./ieee_802.15.4/phy/source/MKW41Z/PhyISR.o
 .text.NVIC_SetPriority
                0x000077c4       0xdc ./ieee_802.15.4/phy/source/MKW41Z/PhyISR.o
 .text.ProtectFromXcvrInterrupt
                0x000078a0       0x3c ./ieee_802.15.4/phy/source/MKW41Z/PhyISR.o
                0x000078a0                ProtectFromXcvrInterrupt
 .text.UnprotectFromXcvrInterrupt
                0x000078dc       0x44 ./ieee_802.15.4/phy/source/MKW41Z/PhyISR.o
                0x000078dc                UnprotectFromXcvrInterrupt
 .text.PhyIsrPassRxParams
                0x00007920       0x1c ./ieee_802.15.4/phy/source/MKW41Z/PhyISR.o
                0x00007920                PhyIsrPassRxParams
 .text.PhyIsrSeqCleanup
                0x0000793c       0x5c ./ieee_802.15.4/phy/source/MKW41Z/PhyISR.o
 .text.PhyIsrTimeoutCleanup
                0x00007998       0x60 ./ieee_802.15.4/phy/source/MKW41Z/PhyISR.o
 .text.Phy_GetEnergyLevel
                0x000079f8       0x58 ./ieee_802.15.4/phy/source/MKW41Z/PhyISR.o
                0x000079f8                Phy_GetEnergyLevel
 .text.PHY_InterruptHandler
                0x00007a50      0x368 ./ieee_802.15.4/phy/source/MKW41Z/PhyISR.o
                0x00007a50                PHY_InterruptHandler
 .text.PHY_InstallIsr
                0x00007db8       0x30 ./ieee_802.15.4/phy/source/MKW41Z/PhyISR.o
                0x00007db8                PHY_InstallIsr
 .text.Phy_GetRxParams
                0x00007de8       0x74 ./ieee_802.15.4/phy/source/MKW41Z/PhyISR.o
 .text.PhyHwInit
                0x00007e5c      0x138 ./ieee_802.15.4/phy/source/MKW41Z/PhyPacketProcessor.o
                0x00007e5c                PhyHwInit
 .text.PhyAbort
                0x00007f94       0xb4 ./ieee_802.15.4/phy/source/MKW41Z/PhyPacketProcessor.o
                0x00007f94                PhyAbort
 .text.PhyPpGetState
                0x00008048       0x1c ./ieee_802.15.4/phy/source/MKW41Z/PhyPacketProcessor.o
                0x00008048                PhyPpGetState
 .text.PhyPpSetPanId
                0x00008064       0x70 ./ieee_802.15.4/phy/source/MKW41Z/PhyPacketProcessor.o
                0x00008064                PhyPpSetPanId
 .text.PhyPpSetShortAddr
                0x000080d4       0x70 ./ieee_802.15.4/phy/source/MKW41Z/PhyPacketProcessor.o
                0x000080d4                PhyPpSetShortAddr
 .text.PhyPpSetLongAddr
                0x00008144       0x60 ./ieee_802.15.4/phy/source/MKW41Z/PhyPacketProcessor.o
                0x00008144                PhyPpSetLongAddr
 .text.PhyPpSetMacRole
                0x000081a4       0x90 ./ieee_802.15.4/phy/source/MKW41Z/PhyPacketProcessor.o
                0x000081a4                PhyPpSetMacRole
 .text.PhyPpSetPromiscuous
                0x00008234       0x5c ./ieee_802.15.4/phy/source/MKW41Z/PhyPacketProcessor.o
                0x00008234                PhyPpSetPromiscuous
 .text.PhyPp_IndirectQueueInsert
                0x00008290       0x6c ./ieee_802.15.4/phy/source/MKW41Z/PhyPacketProcessor.o
                0x00008290                PhyPp_IndirectQueueInsert
 .text.PhyPp_RemoveFromIndirect
                0x000082fc       0x60 ./ieee_802.15.4/phy/source/MKW41Z/PhyPacketProcessor.o
                0x000082fc                PhyPp_RemoveFromIndirect
 .text.PhyPpIsTxAckDataPending
                0x0000835c       0x4c ./ieee_802.15.4/phy/source/MKW41Z/PhyPacketProcessor.o
                0x0000835c                PhyPpIsTxAckDataPending
 .text.PhyPlmeSetPwrState
                0x000083a8      0x128 ./ieee_802.15.4/phy/source/MKW41Z/PhyPacketProcessor.o
                0x000083a8                PhyPlmeSetPwrState
 .text.PhyPdDataRequest
                0x000084d0      0x1b0 ./ieee_802.15.4/phy/source/MKW41Z/PhyPlmeData.o
                0x000084d0                PhyPdDataRequest
 .text.PhyPlmeRxRequest
                0x00008680      0x168 ./ieee_802.15.4/phy/source/MKW41Z/PhyPlmeData.o
                0x00008680                PhyPlmeRxRequest
 .text.PhyPlmeCcaEdRequest
                0x000087e8      0x11c ./ieee_802.15.4/phy/source/MKW41Z/PhyPlmeData.o
                0x000087e8                PhyPlmeCcaEdRequest
 .text.PhyPlmeSetCurrentChannelRequest
                0x00008904       0x8c ./ieee_802.15.4/phy/source/MKW41Z/PhyPlmeData.o
                0x00008904                PhyPlmeSetCurrentChannelRequest
 .text.PhyPlmeGetCurrentChannelRequest
                0x00008990       0x3c ./ieee_802.15.4/phy/source/MKW41Z/PhyPlmeData.o
                0x00008990                PhyPlmeGetCurrentChannelRequest
 .text.PhyPlmeSetPwrLevelRequest
                0x000089cc       0x7c ./ieee_802.15.4/phy/source/MKW41Z/PhyPlmeData.o
                0x000089cc                PhyPlmeSetPwrLevelRequest
 .text.PhyPlmeGetPwrLevelRequest
                0x00008a48       0x34 ./ieee_802.15.4/phy/source/MKW41Z/PhyPlmeData.o
                0x00008a48                PhyPlmeGetPwrLevelRequest
 .text.PhyPlmeSetPIBRequest
                0x00008a7c      0x1c0 ./ieee_802.15.4/phy/source/MKW41Z/PhyPlmeData.o
                0x00008a7c                PhyPlmeSetPIBRequest
 .text.PhyPlmeGetPIBRequest
                0x00008c3c      0x3e8 ./ieee_802.15.4/phy/source/MKW41Z/PhyPlmeData.o
                0x00008c3c                PhyPlmeGetPIBRequest
 .text.PhyRxRetry
                0x00009024       0x74 ./ieee_802.15.4/phy/source/MKW41Z/PhyPlmeData.o
 .text.Phy_Init
                0x00009098       0x40 ./ieee_802.15.4/phy/source/MKW41Z/PhyStateMachine.o
                0x00009098                Phy_Init
 .text.Phy_RegisterSapHandlers
                0x000090d8       0x24 ./ieee_802.15.4/phy/source/MKW41Z/PhyStateMachine.o
                0x000090d8                Phy_RegisterSapHandlers
 .text.Phy24Task
                0x000090fc      0x254 ./ieee_802.15.4/phy/source/MKW41Z/PhyStateMachine.o
 .text.MAC_PD_SapHandler
                0x00009350       0xb0 ./ieee_802.15.4/phy/source/MKW41Z/PhyStateMachine.o
                0x00009350                MAC_PD_SapHandler
 .text.MAC_PLME_SapHandler
                0x00009400      0x198 ./ieee_802.15.4/phy/source/MKW41Z/PhyStateMachine.o
                0x00009400                MAC_PLME_SapHandler
 .text.Phy_HandlePdDataReq
                0x00009598      0x194 ./ieee_802.15.4/phy/source/MKW41Z/PhyStateMachine.o
 .text.Phy_EnterIdle
                0x0000972c       0x8c ./ieee_802.15.4/phy/source/MKW41Z/PhyStateMachine.o
 .text.PhyPlmeSetFrameWaitTime
                0x000097b8       0x1c ./ieee_802.15.4/phy/source/MKW41Z/PhyStateMachine.o
                0x000097b8                PhyPlmeSetFrameWaitTime
 .text.PhyPlmeSetRxOnWhenIdle
                0x000097d4       0x88 ./ieee_802.15.4/phy/source/MKW41Z/PhyStateMachine.o
                0x000097d4                PhyPlmeSetRxOnWhenIdle
 .text.PhyIsIdleRx
                0x0000985c       0x4c ./ieee_802.15.4/phy/source/MKW41Z/PhyStateMachine.o
                0x0000985c                PhyIsIdleRx
 .text.Radio_Phy_PdDataConfirm
                0x000098a8       0x98 ./ieee_802.15.4/phy/source/MKW41Z/PhyStateMachine.o
                0x000098a8                Radio_Phy_PdDataConfirm
 .text.Radio_Phy_PdDataIndication
                0x00009940       0x24 ./ieee_802.15.4/phy/source/MKW41Z/PhyStateMachine.o
                0x00009940                Radio_Phy_PdDataIndication
 .text.Radio_Phy_PlmeCcaConfirm
                0x00009964       0x34 ./ieee_802.15.4/phy/source/MKW41Z/PhyStateMachine.o
                0x00009964                Radio_Phy_PlmeCcaConfirm
 .text.Radio_Phy_PlmeEdConfirm
                0x00009998       0x34 ./ieee_802.15.4/phy/source/MKW41Z/PhyStateMachine.o
                0x00009998                Radio_Phy_PlmeEdConfirm
 .text.Radio_Phy_TimeRxTimeoutIndication
                0x000099cc       0x30 ./ieee_802.15.4/phy/source/MKW41Z/PhyStateMachine.o
                0x000099cc                Radio_Phy_TimeRxTimeoutIndication
 .text.Radio_Phy_PlmeRxWatermark
                0x000099fc       0xbc ./ieee_802.15.4/phy/source/MKW41Z/PhyStateMachine.o
                0x000099fc                Radio_Phy_PlmeRxWatermark
 .text.Radio_Phy_PlmeFilterFailRx
                0x00009ab8       0x54 ./ieee_802.15.4/phy/source/MKW41Z/PhyStateMachine.o
                0x00009ab8                Radio_Phy_PlmeFilterFailRx
 .text.PLME_SendMessage
                0x00009b0c       0xd8 ./ieee_802.15.4/phy/source/MKW41Z/PhyStateMachine.o
 .text.PD_SendMessage
                0x00009be4      0x27c ./ieee_802.15.4/phy/source/MKW41Z/PhyStateMachine.o
 .text.Phy_SendLatePLME
                0x00009e60       0x24 ./ieee_802.15.4/phy/source/MKW41Z/PhyStateMachine.o
 .text.Phy_SendLatePD
                0x00009e84       0x24 ./ieee_802.15.4/phy/source/MKW41Z/PhyStateMachine.o
 .text.Radio_Phy_Notify
                0x00009ea8       0x18 ./ieee_802.15.4/phy/source/MKW41Z/PhyStateMachine.o
                0x00009ea8                Radio_Phy_Notify
 .text.PhyTimeSetEventTrigger
                0x00009ec0       0x68 ./ieee_802.15.4/phy/source/MKW41Z/PhyTime.o
                0x00009ec0                PhyTimeSetEventTrigger
 .text.PhyTimeDisableEventTrigger
                0x00009f28       0x5c ./ieee_802.15.4/phy/source/MKW41Z/PhyTime.o
                0x00009f28                PhyTimeDisableEventTrigger
 .text.PhyTimeSetEventTimeout
                0x00009f84       0x74 ./ieee_802.15.4/phy/source/MKW41Z/PhyTime.o
                0x00009f84                PhyTimeSetEventTimeout
 .text.PhyTimeGetEventTimeout
                0x00009ff8       0x20 ./ieee_802.15.4/phy/source/MKW41Z/PhyTime.o
                0x00009ff8                PhyTimeGetEventTimeout
 .text.PhyTimeDisableEventTimeout
                0x0000a018       0x60 ./ieee_802.15.4/phy/source/MKW41Z/PhyTime.o
                0x0000a018                PhyTimeDisableEventTimeout
 .text.PhyTimeReadClock
                0x0000a078       0x28 ./ieee_802.15.4/phy/source/MKW41Z/PhyTime.o
                0x0000a078                PhyTimeReadClock
 .text.PhyTimeSetWaitTimeout
                0x0000a0a0       0x68 ./ieee_802.15.4/phy/source/MKW41Z/PhyTime.o
                0x0000a0a0                PhyTimeSetWaitTimeout
 .text.PhyTimeDisableWaitTimeout
                0x0000a108       0x50 ./ieee_802.15.4/phy/source/MKW41Z/PhyTime.o
                0x0000a108                PhyTimeDisableWaitTimeout
 .text.PhyTime_ISR
                0x0000a158       0x54 ./ieee_802.15.4/phy/source/MKW41Z/PhyTime.o
                0x0000a158                PhyTime_ISR
 .text.PhyTime_TimerInit
                0x0000a1ac       0x90 ./ieee_802.15.4/phy/source/MKW41Z/PhyTime.o
                0x0000a1ac                PhyTime_TimerInit
 .text.PhyTime_GetTimestamp
                0x0000a23c       0x80 ./ieee_802.15.4/phy/source/MKW41Z/PhyTime.o
                0x0000a23c                PhyTime_GetTimestamp
 .text.PhyTime_ScheduleEvent
                0x0000a2bc       0xe8 ./ieee_802.15.4/phy/source/MKW41Z/PhyTime.o
                0x0000a2bc                PhyTime_ScheduleEvent
 .text.PhyTime_CancelEvent
                0x0000a3a4       0xa4 ./ieee_802.15.4/phy/source/MKW41Z/PhyTime.o
                0x0000a3a4                PhyTime_CancelEvent
 .text.PhyTime_CancelEventsWithParam
                0x0000a448       0xac ./ieee_802.15.4/phy/source/MKW41Z/PhyTime.o
                0x0000a448                PhyTime_CancelEventsWithParam
 .text.PhyTime_RunCallback
                0x0000a4f4       0x70 ./ieee_802.15.4/phy/source/MKW41Z/PhyTime.o
                0x0000a4f4                PhyTime_RunCallback
 .text.PhyTime_Maintenance
                0x0000a564       0xa8 ./ieee_802.15.4/phy/source/MKW41Z/PhyTime.o
                0x0000a564                PhyTime_Maintenance
 .text.PhyTime_OverflowCB
                0x0000a60c       0x50 ./ieee_802.15.4/phy/source/MKW41Z/PhyTime.o
 .text.PhyTime_GetNextEvent
                0x0000a65c       0x74 ./ieee_802.15.4/phy/source/MKW41Z/PhyTime.o
 .text.MAC_Init
                0x0000a6d0       0x68 ./ieee_802.15.4/mac/source/App/MacGlobals.o
                0x0000a6d0                MAC_Init
 .text.xEventGroupSetBitsFromISR
                0x0000a738       0x2c ./freertos/event_groups.o
                0x0000a738                xEventGroupSetBitsFromISR
 .text.prvSetupTimerInterrupt
                0x0000a764       0x40 ./freertos/fsl_tickless_lptmr.o
                0x0000a764                prvSetupTimerInterrupt
 .text.pvPortMalloc
                0x0000a7a4      0x14c ./freertos/heap_4.o
                0x0000a7a4                pvPortMalloc
 .text.vPortFree
                0x0000a8f0       0x90 ./freertos/heap_4.o
                0x0000a8f0                vPortFree
 .text.prvHeapInit
                0x0000a980       0xc0 ./freertos/heap_4.o
 .text.prvInsertBlockIntoFreeList
                0x0000aa40       0xb0 ./freertos/heap_4.o
 .text.pxPortInitialiseStack
                0x0000aaf0       0x54 ./freertos/port.o
                0x0000aaf0                pxPortInitialiseStack
 .text.prvTaskExitError
                0x0000ab44       0x18 ./freertos/port.o
 .text.xPortStartScheduler
                0x0000ab5c       0x44 ./freertos/port.o
                0x0000ab5c                xPortStartScheduler
 .text.vPortYield
                0x0000aba0       0x20 ./freertos/port.o
                0x0000aba0                vPortYield
 .text.vPortEnterCritical
                0x0000abc0       0x24 ./freertos/port.o
                0x0000abc0                vPortEnterCritical
 .text.vPortExitCritical
                0x0000abe4       0x30 ./freertos/port.o
                0x0000abe4                vPortExitCritical
 .text.SysTick_Handler
                0x0000ac14       0x34 ./freertos/port.o
                0x0000ac14                SysTick_Handler
 .text.vQueueAddToRegistry
                0x0000ac48       0x50 ./freertos/queue.o
                0x0000ac48                vQueueAddToRegistry
 .text.prvInitialiseNewTask
                0x0000ac98      0x12c ./freertos/tasks.o
 .text.prvAddNewTaskToReadyList
                0x0000adc4       0xd0 ./freertos/tasks.o
 .text.vTaskStartScheduler
                0x0000ae94       0x78 ./freertos/tasks.o
                0x0000ae94                vTaskStartScheduler
 .text.vTaskSuspendAll
                0x0000af0c       0x18 ./freertos/tasks.o
                0x0000af0c                vTaskSuspendAll
 .text.xTaskResumeAll
                0x0000af24      0x118 ./freertos/tasks.o
                0x0000af24                xTaskResumeAll
 .text.xTaskGetTickCount
                0x0000b03c       0x1c ./freertos/tasks.o
                0x0000b03c                xTaskGetTickCount
 .text.xTaskIncrementTick
                0x0000b058      0x14c ./freertos/tasks.o
                0x0000b058                xTaskIncrementTick
 .text.vTaskSwitchContext
                0x0000b1a4       0xa4 ./freertos/tasks.o
                0x0000b1a4                vTaskSwitchContext
 .text.vTaskPlaceOnEventList
                0x0000b248       0x3c ./freertos/tasks.o
                0x0000b248                vTaskPlaceOnEventList
 .text.vTaskPlaceOnUnorderedEventList
                0x0000b284       0x5c ./freertos/tasks.o
                0x0000b284                vTaskPlaceOnUnorderedEventList
 .text.vTaskPlaceOnEventListRestricted
                0x0000b2e0       0x4c ./freertos/tasks.o
                0x0000b2e0                vTaskPlaceOnEventListRestricted
 .text.xTaskRemoveFromEventList
                0x0000b32c       0xb8 ./freertos/tasks.o
                0x0000b32c                xTaskRemoveFromEventList
 .text.xTaskRemoveFromUnorderedEventList
                0x0000b3e4       0xb0 ./freertos/tasks.o
                0x0000b3e4                xTaskRemoveFromUnorderedEventList
 .text.vTaskSetTimeOutState
                0x0000b494       0x34 ./freertos/tasks.o
                0x0000b494                vTaskSetTimeOutState
 .text.xTaskCheckForTimeOut
                0x0000b4c8       0x9c ./freertos/tasks.o
                0x0000b4c8                xTaskCheckForTimeOut
 .text.vTaskMissedYield
                0x0000b564       0x14 ./freertos/tasks.o
                0x0000b564                vTaskMissedYield
 .text.prvIdleTask
                0x0000b578       0x20 ./freertos/tasks.o
 .text.prvInitialiseTaskLists
                0x0000b598       0x88 ./freertos/tasks.o
 .text.prvCheckTasksWaitingTermination
                0x0000b620       0x74 ./freertos/tasks.o
 .text.prvResetNextTaskUnblockTime
                0x0000b694       0x48 ./freertos/tasks.o
 .text.xTaskGetCurrentTaskHandle
                0x0000b6dc       0x1c ./freertos/tasks.o
                0x0000b6dc                xTaskGetCurrentTaskHandle
 .text.xTaskGetSchedulerState
                0x0000b6f8       0x38 ./freertos/tasks.o
                0x0000b6f8                xTaskGetSchedulerState
 .text.vTaskPriorityInherit
                0x0000b730       0xbc ./freertos/tasks.o
                0x0000b730                vTaskPriorityInherit
 .text.xTaskPriorityDisinherit
                0x0000b7ec       0xb8 ./freertos/tasks.o
                0x0000b7ec                xTaskPriorityDisinherit
 .text.uxTaskResetEventItemValue
                0x0000b8a4       0x2c ./freertos/tasks.o
                0x0000b8a4                uxTaskResetEventItemValue
 .text.pvTaskIncrementMutexHeldCount
                0x0000b8d0       0x24 ./freertos/tasks.o
                0x0000b8d0                pvTaskIncrementMutexHeldCount
 .text.prvAddCurrentTaskToDelayedList
                0x0000b8f4       0xa8 ./freertos/tasks.o
 .text.xTimerCreateTimerTask
                0x0000b99c       0x54 ./freertos/timers.o
                0x0000b99c                xTimerCreateTimerTask
 .text.xTimerGenericCommand
                0x0000b9f0       0x94 ./freertos/timers.o
                0x0000b9f0                xTimerGenericCommand
 .text.prvProcessExpiredTimer
                0x0000ba84       0x70 ./freertos/timers.o
 .text.prvProcessTimerOrBlockTask
                0x0000baf4       0x8c ./freertos/timers.o
 .text.prvGetNextExpireTime
                0x0000bb80       0x40 ./freertos/timers.o
 .text.prvSampleTimeNow
                0x0000bbc0       0x40 ./freertos/timers.o
 .text.prvInsertTimerInActiveList
                0x0000bc00       0x84 ./freertos/timers.o
 .text.prvProcessReceivedCommands
                0x0000bc84      0x124 ./freertos/timers.o
 .text.prvSwitchTimerLists
                0x0000bda8       0xb4 ./freertos/timers.o
 .text.prvCheckForValidListAndQueue
                0x0000be5c       0x74 ./freertos/timers.o
 .text.xTimerPendFunctionCallFromISR
                0x0000bed0       0x4c ./freertos/timers.o
                0x0000bed0                xTimerPendFunctionCallFromISR
 .text.XCVR_Init
                0x0000bf1c      0x128 ./framework/XCVR/MKW41Z4/fsl_xcvr.o
                0x0000bf1c                XCVR_Init
 .text.XCVR_GetDefaultConfig
                0x0000c044      0x170 ./framework/XCVR/MKW41Z4/fsl_xcvr.o
                0x0000c044                XCVR_GetDefaultConfig
 .text.XCVR_Configure
                0x0000c1b4      0x98c ./framework/XCVR/MKW41Z4/fsl_xcvr.o
                0x0000c1b4                XCVR_Configure
 .text.XcvrPanic
                0x0000cb40       0x40 ./framework/XCVR/MKW41Z4/fsl_xcvr.o
                0x0000cb40                XcvrPanic
 .text.XCVR_SetXtalTrim
                0x0000cb80       0x64 ./framework/XCVR/MKW41Z4/fsl_xcvr.o
                0x0000cb80                XCVR_SetXtalTrim
 .text.XCVR_OverrideChannel
                0x0000cbe4      0x140 ./framework/XCVR/MKW41Z4/fsl_xcvr.o
                0x0000cbe4                XCVR_OverrideChannel
 .text.XCVR_ForceRxWu
                0x0000cd24       0x1c ./framework/XCVR/MKW41Z4/fsl_xcvr.o
                0x0000cd24                XCVR_ForceRxWu
 .text.XCVR_ForceRxWd
                0x0000cd40       0x1c ./framework/XCVR/MKW41Z4/fsl_xcvr.o
                0x0000cd40                XCVR_ForceRxWd
 .text.calc_dcoc_dac_step
                0x0000cd5c       0x88 ./framework/XCVR/MKW41Z4/fsl_xcvr_trim.o
                0x0000cd5c                calc_dcoc_dac_step
 .text.rx_dc_est_average
                0x0000cde4      0x1a0 ./framework/XCVR/MKW41Z4/fsl_xcvr_trim.o
                0x0000cde4                rx_dc_est_average
 .text.rx_bba_dcoc_dac_trim_DCest
                0x0000cf84      0x7bc ./framework/XCVR/MKW41Z4/fsl_xcvr_trim.o
                0x0000cf84                rx_bba_dcoc_dac_trim_DCest
 .text.DCOC_DAC_INIT_Cal
                0x0000d740      0x5ec ./framework/XCVR/MKW41Z4/fsl_xcvr_trim.o
                0x0000d740                DCOC_DAC_INIT_Cal
 .text.read_first_ifr_word
                0x0000dd2c       0x20 ./framework/XCVR/MKW41Z4/ifr_radio.o
                0x0000dd2c                read_first_ifr_word
 .text.read_another_ifr_word
                0x0000dd4c       0x2c ./framework/XCVR/MKW41Z4/ifr_radio.o
                0x0000dd4c                read_another_ifr_word
 .text.read_resource_ifr
                0x0000dd78       0xd4 ./framework/XCVR/MKW41Z4/ifr_radio.o
                0x0000dd78                read_resource_ifr
 .text.handle_ifr
                0x0000de4c      0x184 ./framework/XCVR/MKW41Z4/ifr_radio.o
                0x0000de4c                handle_ifr
 .text.NVIC_EnableIRQ
                0x0000dfd0       0x2c ./framework/TimersManager/Source/TMR_Adapter.o
 .text.NVIC_ClearPendingIRQ
                0x0000dffc       0x30 ./framework/TimersManager/Source/TMR_Adapter.o
 .text.NVIC_SetPriority
                0x0000e02c       0xdc ./framework/TimersManager/Source/TMR_Adapter.o
 .text.StackTimer_Init
                0x0000e108       0x98 ./framework/TimersManager/Source/TMR_Adapter.o
                0x0000e108                StackTimer_Init
 .text.StackTimer_Enable
                0x0000e1a0       0x1c ./framework/TimersManager/Source/TMR_Adapter.o
                0x0000e1a0                StackTimer_Enable
 .text.StackTimer_Disable
                0x0000e1bc       0x18 ./framework/TimersManager/Source/TMR_Adapter.o
                0x0000e1bc                StackTimer_Disable
 .text.StackTimer_GetCounterValue
                0x0000e1d4       0x14 ./framework/TimersManager/Source/TMR_Adapter.o
                0x0000e1d4                StackTimer_GetCounterValue
 .text.StackTimer_SetOffsetTicks
                0x0000e1e8       0x24 ./framework/TimersManager/Source/TMR_Adapter.o
                0x0000e1e8                StackTimer_SetOffsetTicks
 .text.StackTimer_ClearIntFlag
                0x0000e20c       0x30 ./framework/TimersManager/Source/TMR_Adapter.o
                0x0000e20c                StackTimer_ClearIntFlag
 .text.TMR_GetTimerStatus
                0x0000e23c       0x28 ./framework/TimersManager/Source/TimersManager.o
 .text.TMR_SetTimerStatus
                0x0000e264       0x44 ./framework/TimersManager/Source/TimersManager.o
 .text.TMR_GetTimerType
                0x0000e2a8       0x28 ./framework/TimersManager/Source/TimersManager.o
 .text.TMR_SetTimerType
                0x0000e2d0       0x44 ./framework/TimersManager/Source/TimersManager.o
 .text.TmrTicksFromMilliseconds
                0x0000e314       0x4c ./framework/TimersManager/Source/TimersManager.o
                0x0000e314                TmrTicksFromMilliseconds
 .text.TMR_Init
                0x0000e360       0x80 ./framework/TimersManager/Source/TimersManager.o
                0x0000e360                TMR_Init
 .text.TMR_NotifyClkChanged
                0x0000e3e0       0x44 ./framework/TimersManager/Source/TimersManager.o
                0x0000e3e0                TMR_NotifyClkChanged
 .text.TMR_AllocateTimer
                0x0000e424       0x50 ./framework/TimersManager/Source/TimersManager.o
                0x0000e424                TMR_AllocateTimer
 .text.StackTimer_ISR
                0x0000e474       0x24 ./framework/TimersManager/Source/TimersManager.o
 .text.TMR_StartTimer
                0x0000e498       0xe8 ./framework/TimersManager/Source/TimersManager.o
                0x0000e498                TMR_StartTimer
 .text.TMR_StopTimer
                0x0000e580       0xe8 ./framework/TimersManager/Source/TimersManager.o
                0x0000e580                TMR_StopTimer
 .text.TMR_Task
                0x0000e668      0x51c ./framework/TimersManager/Source/TimersManager.o
                0x0000e668                TMR_Task
 .text.TMR_EnableTimer
                0x0000eb84       0x84 ./framework/TimersManager/Source/TimersManager.o
                0x0000eb84                TMR_EnableTimer
 .text.NVIC_EnableIRQ
                0x0000ec08       0x2c ./framework/SerialManager/Source/UART_Adapter/UART_Adapter.o
 .text.NVIC_SetPriority
                0x0000ec34       0xdc ./framework/SerialManager/Source/UART_Adapter/UART_Adapter.o
 .text.LPUART_Initialize
                0x0000ed10       0xe8 ./framework/SerialManager/Source/UART_Adapter/UART_Adapter.o
                0x0000ed10                LPUART_Initialize
 .text.LPUART_SetBaudrate
                0x0000edf8       0x44 ./framework/SerialManager/Source/UART_Adapter/UART_Adapter.o
                0x0000edf8                LPUART_SetBaudrate
 .text.LPUART_SendData
                0x0000ee3c       0xc0 ./framework/SerialManager/Source/UART_Adapter/UART_Adapter.o
                0x0000ee3c                LPUART_SendData
 .text.LPUART_InstallRxCalback
                0x0000eefc       0x44 ./framework/SerialManager/Source/UART_Adapter/UART_Adapter.o
                0x0000eefc                LPUART_InstallRxCalback
 .text.LPUART_InstallTxCalback
                0x0000ef40       0x44 ./framework/SerialManager/Source/UART_Adapter/UART_Adapter.o
                0x0000ef40                LPUART_InstallTxCalback
 .text.LPUART_IsTxActive
                0x0000ef84       0x58 ./framework/SerialManager/Source/UART_Adapter/UART_Adapter.o
                0x0000ef84                LPUART_IsTxActive
 .text.LPUART_ISR
                0x0000efdc      0x17c ./framework/SerialManager/Source/UART_Adapter/UART_Adapter.o
 .text.SerialManager_Init
                0x0000f158       0x80 ./framework/SerialManager/Source/SerialManager.o
                0x0000f158                SerialManager_Init
 .text.SerialManagerTask
                0x0000f1d8      0x1c4 ./framework/SerialManager/Source/SerialManager.o
                0x0000f1d8                SerialManagerTask
 .text.Serial_InitInterface
                0x0000f39c      0x190 ./framework/SerialManager/Source/SerialManager.o
                0x0000f39c                Serial_InitInterface
 .text.Serial_AsyncWrite
                0x0000f52c      0x1bc ./framework/SerialManager/Source/SerialManager.o
                0x0000f52c                Serial_AsyncWrite
 .text.Serial_SyncWrite
                0x0000f6e8       0xe0 ./framework/SerialManager/Source/SerialManager.o
                0x0000f6e8                Serial_SyncWrite
 .text.Serial_Read
                0x0000f7c8      0x124 ./framework/SerialManager/Source/SerialManager.o
                0x0000f7c8                Serial_Read
 .text.Serial_RxBufferByteCount
                0x0000f8ec      0x10c ./framework/SerialManager/Source/SerialManager.o
                0x0000f8ec                Serial_RxBufferByteCount
 .text.Serial_SetRxCallBack
                0x0000f9f8       0x78 ./framework/SerialManager/Source/SerialManager.o
                0x0000f9f8                Serial_SetRxCallBack
 .text.Serial_SetBaudRate
                0x0000fa70       0x94 ./framework/SerialManager/Source/SerialManager.o
                0x0000fa70                Serial_SetBaudRate
 .text.Serial_WriteInternal
                0x0000fb04      0x12c ./framework/SerialManager/Source/SerialManager.o
 .text.SerialManager_RxNotify
                0x0000fc30       0xc8 ./framework/SerialManager/Source/SerialManager.o
                0x0000fc30                SerialManager_RxNotify
 .text.SerialManager_TxNotify
                0x0000fcf8       0xf4 ./framework/SerialManager/Source/SerialManager.o
                0x0000fcf8                SerialManager_TxNotify
 .text.Serial_TxQueueMaintenance
                0x0000fdec      0x15c ./framework/SerialManager/Source/SerialManager.o
 .text.Serial_UartRxCb
                0x0000ff48       0x5c ./framework/SerialManager/Source/SerialManager.o
 .text.SecLib_Init
                0x0000ffa4       0x3c ./framework/SecLib/SecLib.o
                0x0000ffa4                SecLib_Init
 .text.AES_128_CCM
                0x0000ffe0       0xec ./framework/SecLib/SecLib.o
                0x0000ffe0                AES_128_CCM
 .text.NVIC_EnableIRQ
                0x000100cc       0x2c ./framework/RNG/Source/RNG.o
 .text.RNG_Init
                0x000100f8       0xe0 ./framework/RNG/Source/RNG.o
                0x000100f8                RNG_Init
 .text.TRNG_ISR
                0x000101d8       0x3c ./framework/RNG/Source/RNG.o
 .text.OSA_SemaphorePost
                0x00010214       0x9c ./framework/OSAbstraction/Source/fsl_os_abstraction_free_rtos.o
                0x00010214                OSA_SemaphorePost
 .text.OSA_EventCreate
                0x000102b0       0x70 ./framework/OSAbstraction/Source/fsl_os_abstraction_free_rtos.o
                0x000102b0                OSA_EventCreate
 .text.OSA_EventSet
                0x00010320       0xa0 ./framework/OSAbstraction/Source/fsl_os_abstraction_free_rtos.o
                0x00010320                OSA_EventSet
 .text.OSA_EventWait
                0x000103c0       0xa4 ./framework/OSAbstraction/Source/fsl_os_abstraction_free_rtos.o
                0x000103c0                OSA_EventWait
 .text.OSA_InterruptEnable
                0x00010464       0x4c ./framework/OSAbstraction/Source/fsl_os_abstraction_free_rtos.o
                0x00010464                OSA_InterruptEnable
 .text.OSA_InterruptDisable
                0x000104b0       0x4c ./framework/OSAbstraction/Source/fsl_os_abstraction_free_rtos.o
                0x000104b0                OSA_InterruptDisable
 .text.main     0x000104fc       0x24 ./framework/OSAbstraction/Source/fsl_os_abstraction_free_rtos.o
                0x000104fc                main
 .text.MEM_Init
                0x00010520       0xc4 ./framework/MemManager/Source/MemManager.o
                0x00010520                MEM_Init
 .text.MEM_BufferAllocWithId
                0x000105e4       0xb8 ./framework/MemManager/Source/MemManager.o
                0x000105e4                MEM_BufferAllocWithId
 .text.MEM_BufferFree
                0x0001069c       0xb0 ./framework/MemManager/Source/MemManager.o
                0x0001069c                MEM_BufferFree
 .text.LED_Init
                0x0001074c       0x2c ./framework/LED/Source/LED.o
                0x0001074c                LED_Init
 .text.LED_Operate
                0x00010778       0x8c ./framework/LED/Source/LED.o
                0x00010778                LED_Operate
 .text.LED_StartBlip
                0x00010804       0x64 ./framework/LED/Source/LED.o
                0x00010804                LED_StartBlip
 .text.LED_StopFlash
                0x00010868       0x4c ./framework/LED/Source/LED.o
                0x00010868                LED_StopFlash
 .text.LED_SetLed
                0x000108b4       0xb8 ./framework/LED/Source/LED.o
                0x000108b4                LED_SetLed
 .text.LED_StartFlashWithPeriod
                0x0001096c       0x58 ./framework/LED/Source/LED.o
                0x0001096c                LED_StartFlashWithPeriod
 .text.LED_StartSerialFlashWithPeriod
                0x000109c4       0x74 ./framework/LED/Source/LED.o
                0x000109c4                LED_StartSerialFlashWithPeriod
 .text.LED_StopSerialFlash
                0x00010a38       0x44 ./framework/LED/Source/LED.o
                0x00010a38                LED_StopSerialFlash
 .text.LED_DecrementBlip
                0x00010a7c       0x8c ./framework/LED/Source/LED.o
 .text.LED_FlashTimeout
                0x00010b08       0x74 ./framework/LED/Source/LED.o
 .text.KbGpioInit
                0x00010b7c       0x58 ./framework/Keyboard/Source/Keyboard.o
 .text.KBD_KeySwitchPortGet
                0x00010bd4       0x7c ./framework/Keyboard/Source/Keyboard.o
 .text.KBD_KeyCheck
                0x00010c50       0xa0 ./framework/Keyboard/Source/Keyboard.o
 .text.KeyScan  0x00010cf0      0x150 ./framework/Keyboard/Source/Keyboard.o
 .text.Switch_CheckIRQ
                0x00010e40       0x50 ./framework/Keyboard/Source/Keyboard.o
 .text.KBD_Init
                0x00010e90       0xdc ./framework/Keyboard/Source/Keyboard.o
                0x00010e90                KBD_Init
 .text.Switch_Press_ISR
                0x00010f6c       0x70 ./framework/Keyboard/Source/Keyboard.o
                0x00010f6c                Switch_Press_ISR
 .text.NVIC_EnableIRQ
                0x00010fdc       0x2c ./framework/GPIO/GPIO_Adapter.o
 .text.NVIC_ClearPendingIRQ
                0x00011008       0x30 ./framework/GPIO/GPIO_Adapter.o
 .text.NVIC_SetPriority
                0x00011038       0xdc ./framework/GPIO/GPIO_Adapter.o
 .text.NVIC_GetPriority
                0x00011114       0x7c ./framework/GPIO/GPIO_Adapter.o
 .text.PORT_SetPinConfig
                0x00011190       0x38 ./framework/GPIO/GPIO_Adapter.o
 .text.PORT_SetPinMux
                0x000111c8       0x40 ./framework/GPIO/GPIO_Adapter.o
 .text.PORT_SetPinInterruptConfig
                0x00011208       0x40 ./framework/GPIO/GPIO_Adapter.o
 .text.GpioSetPinMux
                0x00011248       0x44 ./framework/GPIO/GPIO_Adapter.o
                0x00011248                GpioSetPinMux
 .text.GpioClearPinIntFlag
                0x0001128c       0x34 ./framework/GPIO/GPIO_Adapter.o
                0x0001128c                GpioClearPinIntFlag
 .text.GpioIsPinIntPending
                0x000112c0       0x38 ./framework/GPIO/GPIO_Adapter.o
                0x000112c0                GpioIsPinIntPending
 .text.GpioSetPinOutput
                0x000112f8       0x34 ./framework/GPIO/GPIO_Adapter.o
                0x000112f8                GpioSetPinOutput
 .text.GpioClearPinOutput
                0x0001132c       0x34 ./framework/GPIO/GPIO_Adapter.o
                0x0001132c                GpioClearPinOutput
 .text.GpioTogglePinOutput
                0x00011360       0x34 ./framework/GPIO/GPIO_Adapter.o
                0x00011360                GpioTogglePinOutput
 .text.GpioReadPinInput
                0x00011394       0x30 ./framework/GPIO/GPIO_Adapter.o
                0x00011394                GpioReadPinInput
 .text.GpioInputPinInit
                0x000113c4      0x104 ./framework/GPIO/GPIO_Adapter.o
                0x000113c4                GpioInputPinInit
 .text.GpioOutputPinInit
                0x000114c8      0x100 ./framework/GPIO/GPIO_Adapter.o
                0x000114c8                GpioOutputPinInit
 .text.GpioInstallIsr
                0x000115c8      0x2c4 ./framework/GPIO/GPIO_Adapter.o
                0x000115c8                GpioInstallIsr
 .text.Gpio_CommonIsr
                0x0001188c       0xb0 ./framework/GPIO/GPIO_Adapter.o
 .text.Gpio_InstallPortISR
                0x0001193c       0x60 ./framework/GPIO/GPIO_Adapter.o
 .text.NV_ComputeCrcOverHWParameters
                0x0001199c       0xd0 ./framework/Flash/Internal/Flash_Adapter.o
 .text.NV_ReadHWParameters
                0x00011a6c       0x68 ./framework/Flash/Internal/Flash_Adapter.o
                0x00011a6c                NV_ReadHWParameters
 .text.CLOCK_EnableClock
                0x00011ad4       0x34 ./framework/DCDC/Source/DCDC.o
 .text.ADC16_GetChannelConversionValue
                0x00011b08       0x30 ./framework/DCDC/Source/DCDC.o
 .text.DCDC_MakeADCConversion
                0x00011b38       0x44 ./framework/DCDC/Source/DCDC.o
 .text.DCDC_AdjustVbatDiv
                0x00011b7c       0x6c ./framework/DCDC/Source/DCDC.o
 .text.DCDC_Get1P8VOutputTargetAndVBatInmV
                0x00011be8       0xf4 ./framework/DCDC/Source/DCDC.o
 .text.DCDC_mVTo1P8OutputTargetBoost
                0x00011cdc      0x168 ./framework/DCDC/Source/DCDC.o
 .text.DCDC_mVTo1P8OutputTargetBuck
                0x00011e44       0xe4 ./framework/DCDC/Source/DCDC.o
 .text.DCDC_mVToMcuVOutputTargetBoost
                0x00011f28       0x8c ./framework/DCDC/Source/DCDC.o
                0x00011f28                DCDC_mVToMcuVOutputTargetBoost
 .text.DCDC_GetOutputTargetsBoost
                0x00011fb4       0xcc ./framework/DCDC/Source/DCDC.o
 .text.DCDC_GetOutputTargetsBuck
                0x00012080       0x88 ./framework/DCDC/Source/DCDC.o
 .text.DCDC_VBatMonitorBoost
                0x00012108      0x1b8 ./framework/DCDC/Source/DCDC.o
 .text.DCDC_VBatMonitorBuck
                0x000122c0      0x1bc ./framework/DCDC/Source/DCDC.o
 .text.DCDC_Init
                0x0001247c      0x220 ./framework/DCDC/Source/DCDC.o
                0x0001247c                DCDC_Init
 .text.CLOCK_EnableClock
                0x0001269c       0x34 ./drivers/fsl_adc16.o
 .text.ADC16_GetInstance
                0x000126d0       0x48 ./drivers/fsl_adc16.o
 .text.ADC16_Init
                0x00012718      0x114 ./drivers/fsl_adc16.o
                0x00012718                ADC16_Init
 .text.ADC16_SetChannelConfig
                0x0001282c       0x6c ./drivers/fsl_adc16.o
                0x0001282c                ADC16_SetChannelConfig
 .text.ADC16_GetChannelStatusFlags
                0x00012898       0x40 ./drivers/fsl_adc16.o
                0x00012898                ADC16_GetChannelStatusFlags
 .text.CLOCK_SetEr32kClock
                0x000128d8       0x34 ./drivers/fsl_clock.o
 .text.CLOCK_GetMcgExtClkFreq
                0x0001290c       0x70 ./drivers/fsl_clock.o
 .text.CLOCK_GetFllExtRefClkFreq
                0x0001297c       0xbc ./drivers/fsl_clock.o
 .text.CLOCK_GetInternalRefClkSelectFreq
                0x00012a38       0x40 ./drivers/fsl_clock.o
 .text.CLOCK_GetFllRefClkFreq
                0x00012a78       0x2c ./drivers/fsl_clock.o
 .text.CLOCK_GetOscRangeFromFreq
                0x00012aa4       0x4c ./drivers/fsl_clock.o
 .text.CLOCK_GetOsc0ErClkFreq
                0x00012af0       0x28 ./drivers/fsl_clock.o
                0x00012af0                CLOCK_GetOsc0ErClkFreq
 .text.CLOCK_SetSimConfig
                0x00012b18       0x2c ./drivers/fsl_clock.o
                0x00012b18                CLOCK_SetSimConfig
 .text.CLOCK_GetFllFreq
                0x00012b44       0x78 ./drivers/fsl_clock.o
                0x00012b44                CLOCK_GetFllFreq
 .text.CLOCK_GetInternalRefClkFreq
                0x00012bbc       0x28 ./drivers/fsl_clock.o
                0x00012bbc                CLOCK_GetInternalRefClkFreq
 .text.CLOCK_SetExternalRefClkConfig
                0x00012be4       0x80 ./drivers/fsl_clock.o
                0x00012be4                CLOCK_SetExternalRefClkConfig
 .text.CLOCK_SetInternalRefClkConfig
                0x00012c64      0x124 ./drivers/fsl_clock.o
                0x00012c64                CLOCK_SetInternalRefClkConfig
 .text.CLOCK_InitOsc0
                0x00012d88       0x68 ./drivers/fsl_clock.o
                0x00012d88                CLOCK_InitOsc0
 .text.CLOCK_SetFeeMode
                0x00012df0      0x138 ./drivers/fsl_clock.o
                0x00012df0                CLOCK_SetFeeMode
 .text.InstallIRQHandler
                0x00012f28       0x98 ./drivers/fsl_common.o
                0x00012f28                InstallIRQHandler
 .text.DSPI_CommonIRQHandler
                0x00012fc0       0x40 ./drivers/fsl_dspi.o
 .text.SPI0_DriverIRQHandler
                0x00013000       0x34 ./drivers/fsl_dspi.o
                0x00013000                SPI0_DriverIRQHandler
 .text.SPI1_DriverIRQHandler
                0x00013034       0x34 ./drivers/fsl_dspi.o
                0x00013034                SPI1_DriverIRQHandler
 .text.GPIO_PinInit
                0x00013068       0x64 ./drivers/fsl_gpio.o
                0x00013068                GPIO_PinInit
 .text.I2C_TransferCommonIRQHandler
                0x000130cc       0x54 ./drivers/fsl_i2c.o
 .text.I2C0_DriverIRQHandler
                0x00013120       0x20 ./drivers/fsl_i2c.o
                0x00013120                I2C0_DriverIRQHandler
 .text.I2C1_DriverIRQHandler
                0x00013140       0x20 ./drivers/fsl_i2c.o
                0x00013140                I2C1_DriverIRQHandler
 .text.CLOCK_EnableClock
                0x00013160       0x34 ./drivers/fsl_lpuart.o
 .text.LPUART_GetInstance
                0x00013194       0x48 ./drivers/fsl_lpuart.o
                0x00013194                LPUART_GetInstance
 .text.LPUART_Init
                0x000131dc      0x284 ./drivers/fsl_lpuart.o
                0x000131dc                LPUART_Init
 .text.LPUART_GetDefaultConfig
                0x00013460       0x50 ./drivers/fsl_lpuart.o
                0x00013460                LPUART_GetDefaultConfig
 .text.LPUART_SetBaudRate
                0x000134b0      0x188 ./drivers/fsl_lpuart.o
                0x000134b0                LPUART_SetBaudRate
 .text.LPUART_GetEnabledInterrupts
                0x00013638       0x30 ./drivers/fsl_lpuart.o
                0x00013638                LPUART_GetEnabledInterrupts
 .text.LPUART_ClearStatusFlags
                0x00013668       0x88 ./drivers/fsl_lpuart.o
                0x00013668                LPUART_ClearStatusFlags
 .text.LPUART0_DriverIRQHandler
                0x000136f0       0x24 ./drivers/fsl_lpuart.o
                0x000136f0                LPUART0_DriverIRQHandler
 .text.CLOCK_EnableClock
                0x00013714       0x34 ./drivers/fsl_ltc.o
 .text.ltc_clear_all
                0x00013748       0x20 ./drivers/fsl_ltc.o
                0x00013748                ltc_clear_all
 .text.ltc_symmetric_alg_state
                0x00013768       0x74 ./drivers/fsl_ltc.o
 .text.LTC_Init
                0x000137dc       0x1c ./drivers/fsl_ltc.o
                0x000137dc                LTC_Init
 .text.ltc_aes_ccm_check_input_args
                0x000137f8       0x98 ./drivers/fsl_ltc.o
 .text.ltc_aes_ccm_process_aad
                0x00013890      0x1b4 ./drivers/fsl_ltc.o
 .text.ltc_aes_ccm_process
                0x00013a44      0x164 ./drivers/fsl_ltc.o
 .text.CLOCK_EnableClock
                0x00013ba8       0x34 ./drivers/fsl_tpm.o
 .text.TPM_GetInstance
                0x00013bdc       0x54 ./drivers/fsl_tpm.o
 .text.TPM_Init
                0x00013c30       0xec ./drivers/fsl_tpm.o
                0x00013c30                TPM_Init
 .text.TPM_SetupOutputCompare
                0x00013d1c      0x130 ./drivers/fsl_tpm.o
                0x00013d1c                TPM_SetupOutputCompare
 .text.CLOCK_EnableClock
                0x00013e4c       0x34 ./drivers/fsl_trng.o
 .text.trng_GetInstance
                0x00013e80       0x48 ./drivers/fsl_trng.o
 .text.TRNG_GetDefaultConfig
                0x00013ec8       0xe0 ./drivers/fsl_trng.o
                0x00013ec8                TRNG_GetDefaultConfig
 .text.trng_SetRetryCount
                0x00013fa8       0x50 ./drivers/fsl_trng.o
 .text.trng_SetStatisticalCheckLimit
                0x00013ff8      0x31c ./drivers/fsl_trng.o
 .text.trng_ApplyUserConfig
                0x00014314      0x1c4 ./drivers/fsl_trng.o
 .text.TRNG_Init
                0x000144d8       0xb8 ./drivers/fsl_trng.o
                0x000144d8                TRNG_Init
 .text.CLOCK_EnableClock
                0x00014590       0x34 ./board/board.o
 .text.hardware_init
                0x000145c4      0x15c ./board/board.o
                0x000145c4                hardware_init
 .text.NMI_Handler
                0x00014720       0x20 ./board/board.o
                0x00014720                NMI_Handler
 .text.BOARD_DCDCInit
                0x00014740       0x18 ./board/board.o
                0x00014740                BOARD_DCDCInit
 .text.BOARD_GetLpuartClock
                0x00014758       0x60 ./board/board.o
                0x00014758                BOARD_GetLpuartClock
 .text.BOARD_GetTpmClock
                0x000147b8       0x60 ./board/board.o
                0x000147b8                BOARD_GetTpmClock
 .text.CLOCK_EnableClock
                0x00014818       0x34 ./board/clock_config.o
 .text.CLOCK_DisableClock
                0x0001484c       0x38 ./board/clock_config.o
 .text.CLOCK_SetLpuartClock
                0x00014884       0x38 ./board/clock_config.o
 .text.CLOCK_SetTpmClock
                0x000148bc       0x38 ./board/clock_config.o
 .text.CLOCK_SetSimSafeDivs
                0x000148f4       0x1c ./board/clock_config.o
 .text.CLOCK_SetXtal0Freq
                0x00014910       0x1c ./board/clock_config.o
 .text.CLOCK_SetXtal32Freq
                0x0001492c       0x1c ./board/clock_config.o
 .text.RTC_SetOscCapLoad
                0x00014948       0x34 ./board/clock_config.o
 .text.CLOCK_CONFIG_FllStableDelay
                0x0001497c       0x24 ./board/clock_config.o
 .text.CLOCK_CONFIG_SetRtcClock
                0x000149a0       0x4c ./board/clock_config.o
 .text.CLOCK_CONFIG_EnableRtcOsc
                0x000149ec       0x50 ./board/clock_config.o
 .text.BOARD_RfOscInit
                0x00014a3c       0xc8 ./board/clock_config.o
                0x00014a3c                BOARD_RfOscInit
 .text.BOARD_InitOsc0
                0x00014b04       0x30 ./board/clock_config.o
                0x00014b04                BOARD_InitOsc0
 .text.BOARD_BootClockRUN
                0x00014b34       0x6c ./board/clock_config.o
                0x00014b34                BOARD_BootClockRUN
 .text.CLOCK_EnableClock
                0x00014ba0       0x34 ./board/pin_mux.o
 .text.PORT_SetPinMux
                0x00014bd4       0x40 ./board/pin_mux.o
 .text.BOARD_InitButtons
                0x00014c14       0x34 ./board/pin_mux.o
                0x00014c14                BOARD_InitButtons
 .text.BOARD_InitLEDs
                0x00014c48       0x78 ./board/pin_mux.o
                0x00014c48                BOARD_InitLEDs
 .text.BOARD_InitLPUART
                0x00014cc0       0x4c ./board/pin_mux.o
                0x00014cc0                BOARD_InitLPUART
 .text.SystemInit
                0x00014d0c       0x18 ./CMSIS/system_MKW41Z4.o
                0x00014d0c                SystemInit
 .text.roundf   0x00014d24       0x44 c:/nxp/mcuxpressoide_11.0.0_2516/ide/plugins/com.nxp.mcuxpresso.tools.win32_11.0.0.201905131304/tools/bin/../lib/gcc/arm-none-eabi/8.2.1/../../../../arm-none-eabi/lib/thumb/v6-m/nofp\libm.a(lib_a-sf_round.o)
                0x00014d24                roundf
 .text.exit     0x00014d68       0x20 c:/nxp/mcuxpressoide_11.0.0_2516/ide/plugins/com.nxp.mcuxpresso.tools.win32_11.0.0.201905131304/tools/bin/../lib/gcc/arm-none-eabi/8.2.1/../../../../arm-none-eabi/lib/thumb/v6-m/nofp\libc.a(lib_a-exit.o)
                0x00014d68                exit
 .text.__libc_init_array
                0x00014d88       0x44 c:/nxp/mcuxpressoide_11.0.0_2516/ide/plugins/com.nxp.mcuxpresso.tools.win32_11.0.0.201905131304/tools/bin/../lib/gcc/arm-none-eabi/8.2.1/../../../../arm-none-eabi/lib/thumb/v6-m/nofp\libc.a(lib_a-init.o)
                0x00014d88                __libc_init_array
 .text.memcpy   0x00014dcc       0xa4 c:/nxp/mcuxpressoide_11.0.0_2516/ide/plugins/com.nxp.mcuxpresso.tools.win32_11.0.0.201905131304/tools/bin/../lib/gcc/arm-none-eabi/8.2.1/../../../../arm-none-eabi/lib/thumb/v6-m/nofp\libc.a(lib_a-memcpy-stub.o)
                0x00014dcc                memcpy
 .text.memset   0x00014e70       0xa8 c:/nxp/mcuxpressoide_11.0.0_2516/ide/plugins/com.nxp.mcuxpresso.tools.win32_11.0.0.201905131304/tools/bin/../lib/gcc/arm-none-eabi/8.2.1/../../../../arm-none-eabi/lib/thumb/v6-m/nofp\libc.a(lib_a-memset.o)
                0x00014e70                memset
 .text.strlen   0x00014f18       0x68 c:/nxp/mcuxpressoide_11.0.0_2516/ide/plugins/com.nxp.mcuxpresso.tools.win32_11.0.0.201905131304/tools/bin/../lib/gcc/arm-none-eabi/8.2.1/../../../../arm-none-eabi/lib/thumb/v6-m/nofp\libc.a(lib_a-strlen-stub.o)
                0x00014f18                strlen
 .text.startup.register_fini
                0x00014f80       0x18 c:/nxp/mcuxpressoide_11.0.0_2516/ide/plugins/com.nxp.mcuxpresso.tools.win32_11.0.0.201905131304/tools/bin/../lib/gcc/arm-none-eabi/8.2.1/../../../../arm-none-eabi/lib/thumb/v6-m/nofp\libc.a(lib_a-__call_atexit.o)
 .text.__call_exitprocs
                0x00014f98       0xd4 c:/nxp/mcuxpressoide_11.0.0_2516/ide/plugins/com.nxp.mcuxpresso.tools.win32_11.0.0.201905131304/tools/bin/../lib/gcc/arm-none-eabi/8.2.1/../../../../arm-none-eabi/lib/thumb/v6-m/nofp\libc.a(lib_a-__call_atexit.o)
                0x00014f98                __call_exitprocs
 .text.atexit   0x0001506c       0x10 c:/nxp/mcuxpressoide_11.0.0_2516/ide/plugins/com.nxp.mcuxpresso.tools.win32_11.0.0.201905131304/tools/bin/../lib/gcc/arm-none-eabi/8.2.1/../../../../arm-none-eabi/lib/thumb/v6-m/nofp\libc.a(lib_a-atexit.o)
                0x0001506c                atexit
 .text.__libc_fini_array
                0x0001507c       0x28 c:/nxp/mcuxpressoide_11.0.0_2516/ide/plugins/com.nxp.mcuxpresso.tools.win32_11.0.0.201905131304/tools/bin/../lib/gcc/arm-none-eabi/8.2.1/../../../../arm-none-eabi/lib/thumb/v6-m/nofp\libc.a(lib_a-fini.o)
                0x0001507c                __libc_fini_array
 .text.__retarget_lock_acquire_recursive
                0x000150a4        0x4 c:/nxp/mcuxpressoide_11.0.0_2516/ide/plugins/com.nxp.mcuxpresso.tools.win32_11.0.0.201905131304/tools/bin/../lib/gcc/arm-none-eabi/8.2.1/../../../../arm-none-eabi/lib/thumb/v6-m/nofp\libc.a(lib_a-lock.o)
                0x000150a4                __retarget_lock_acquire_recursive
 .text.__retarget_lock_release_recursive
                0x000150a8        0x4 c:/nxp/mcuxpressoide_11.0.0_2516/ide/plugins/com.nxp.mcuxpresso.tools.win32_11.0.0.201905131304/tools/bin/../lib/gcc/arm-none-eabi/8.2.1/../../../../arm-none-eabi/lib/thumb/v6-m/nofp\libc.a(lib_a-lock.o)
                0x000150a8                __retarget_lock_release_recursive
 .text.__register_exitproc
                0x000150ac       0xc0 c:/nxp/mcuxpressoide_11.0.0_2516/ide/plugins/com.nxp.mcuxpresso.tools.win32_11.0.0.201905131304/tools/bin/../lib/gcc/arm-none-eabi/8.2.1/../../../../arm-none-eabi/lib/thumb/v6-m/nofp\libc.a(lib_a-__atexit.o)
                0x000150ac                __register_exitproc
 .text._exit    0x0001516c        0x4 c:/nxp/mcuxpressoide_11.0.0_2516/ide/plugins/com.nxp.mcuxpresso.tools.win32_11.0.0.201905131304/tools/bin/../lib/gcc/arm-none-eabi/8.2.1/../../../../arm-none-eabi/lib/thumb/v6-m/nofp\libnosys.a(_exit.o)
                0x0001516c                _exit
 .text.App_WaitMsg
                0x00015170       0x32 ./source/mwa_coordinator.o
 .text.MPM_AcquirePAN
                0x000151a2       0x12 ./ieee_802.15.4/phy/source/MKW41Z/MPM.o
                0x000151a2                MPM_AcquirePAN
 .text.MPM_ReleasePAN
                0x000151b4       0x12 ./ieee_802.15.4/phy/source/MKW41Z/MPM.o
                0x000151b4                MPM_ReleasePAN
 .text.PHY_ForceIrqPending
                0x000151c6       0x10 ./ieee_802.15.4/phy/source/MKW41Z/PhyISR.o
                0x000151c6                PHY_ForceIrqPending
 .text.Phy_LqiConvert
                0x000151d6       0x46 ./ieee_802.15.4/phy/source/MKW41Z/PhyISR.o
 .text.BindToPHY
                0x0001521c       0x12 ./ieee_802.15.4/phy/source/MKW41Z/PhyStateMachine.o
                0x0001521c                BindToPHY
 .text.Phy_SetSequenceTiming
                0x0001522e       0xa2 ./ieee_802.15.4/phy/source/MKW41Z/PhyStateMachine.o
                0x0001522e                Phy_SetSequenceTiming
 .text.Radio_Phy_TimeWaitTimeoutIndication
                0x000152d0       0x14 ./ieee_802.15.4/phy/source/MKW41Z/PhyStateMachine.o
                0x000152d0                Radio_Phy_TimeWaitTimeoutIndication
 .text.Radio_Phy_TimeStartEventIndication
                0x000152e4       0x10 ./ieee_802.15.4/phy/source/MKW41Z/PhyStateMachine.o
                0x000152e4                Radio_Phy_TimeStartEventIndication
 .text.Radio_Phy_PlmeSyncLossIndication
                0x000152f4       0x1c ./ieee_802.15.4/phy/source/MKW41Z/PhyStateMachine.o
                0x000152f4                Radio_Phy_PlmeSyncLossIndication
 .text.MAC_Monitor
                0x00015310       0x24 ./ieee_802.15.4/mac/source/App/FsciMacCommands.o
                0x00015310                MAC_Monitor
 .text.xEventGroupCreate
                0x00015334       0x30 ./freertos/event_groups.o
                0x00015334                xEventGroupCreate
 .text.xEventGroupWaitBits
                0x00015364      0x148 ./freertos/event_groups.o
                0x00015364                xEventGroupWaitBits
 .text.xEventGroupSetBits
                0x000154ac       0xf2 ./freertos/event_groups.o
                0x000154ac                xEventGroupSetBits
 .text.vEventGroupSetBitsCallback
                0x0001559e       0x1e ./freertos/event_groups.o
                0x0001559e                vEventGroupSetBitsCallback
 .text.prvTestWaitCondition
                0x000155bc       0x3e ./freertos/event_groups.o
 .text.vListInitialise
                0x000155fa       0x3c ./freertos/list.o
                0x000155fa                vListInitialise
 .text.vListInitialiseItem
                0x00015636       0x16 ./freertos/list.o
                0x00015636                vListInitialiseItem
 .text.vListInsertEnd
                0x0001564c       0x44 ./freertos/list.o
                0x0001564c                vListInsertEnd
 .text.vListInsert
                0x00015690       0x6c ./freertos/list.o
                0x00015690                vListInsert
 .text.uxListRemove
                0x000156fc       0x50 ./freertos/list.o
                0x000156fc                uxListRemove
 .text.SVC_Handler
                0x0001574c        0xa ./freertos/port.o
                0x0001574c                SVC_Handler
 .text.ulSetInterruptMaskFromISR
                0x00015756        0xc ./freertos/port.o
                0x00015756                ulSetInterruptMaskFromISR
 .text.vClearInterruptMaskFromISR
                0x00015762        0x8 ./freertos/port.o
                0x00015762                vClearInterruptMaskFromISR
 .text.xQueueGenericReset
                0x0001576a       0xa8 ./freertos/queue.o
                0x0001576a                xQueueGenericReset
 .text.xQueueGenericCreate
                0x00015812       0x64 ./freertos/queue.o
                0x00015812                xQueueGenericCreate
 .text.prvInitialiseNewQueue
                0x00015876       0x4e ./freertos/queue.o
 .text.prvInitialiseMutex
                0x000158c4       0x34 ./freertos/queue.o
 .text.xQueueCreateMutex
                0x000158f8       0x38 ./freertos/queue.o
                0x000158f8                xQueueCreateMutex
 .text.xQueueGetMutexHolder
                0x00015930       0x2e ./freertos/queue.o
                0x00015930                xQueueGetMutexHolder
 .text.xQueueCreateCountingSemaphore
                0x0001595e       0x46 ./freertos/queue.o
                0x0001595e                xQueueCreateCountingSemaphore
 .text.xQueueGenericSend
                0x000159a4      0x188 ./freertos/queue.o
                0x000159a4                xQueueGenericSend
 .text.xQueueGenericSendFromISR
                0x00015b2c       0xe2 ./freertos/queue.o
                0x00015b2c                xQueueGenericSendFromISR
 .text.xQueueGiveFromISR
                0x00015c0e       0xca ./freertos/queue.o
                0x00015c0e                xQueueGiveFromISR
 .text.xQueueGenericReceive
                0x00015cd8      0x1c8 ./freertos/queue.o
                0x00015cd8                xQueueGenericReceive
 .text.prvCopyDataToQueue
                0x00015ea0       0xd6 ./freertos/queue.o
 .text.prvCopyDataFromQueue
                0x00015f76       0x4c ./freertos/queue.o
 .text.prvUnlockQueue
                0x00015fc2       0xbc ./freertos/queue.o
 .text.prvIsQueueEmpty
                0x0001607e       0x2c ./freertos/queue.o
 .text.prvIsQueueFull
                0x000160aa       0x30 ./freertos/queue.o
 .text.vQueueWaitForMessageRestricted
                0x000160da       0x66 ./freertos/queue.o
                0x000160da                vQueueWaitForMessageRestricted
 .text.xTaskCreate
                0x00016140       0x90 ./freertos/tasks.o
                0x00016140                xTaskCreate
 .text.prvDeleteTCB
                0x000161d0       0x22 ./freertos/tasks.o
 .text.prvTimerTask
                0x000161f2       0x28 ./freertos/timers.o
 .text.XcvrCalDelay
                0x0001621a       0x1e ./framework/XCVR/MKW41Z4/fsl_xcvr_trim.o
                0x0001621a                XcvrCalDelay
 .text.store_sw_trim
                0x00016238       0x96 ./framework/XCVR/MKW41Z4/ifr_radio.o
                0x00016238                store_sw_trim
 .text.TPM_GetStatusFlags
                0x000162ce       0x14 ./framework/TimersManager/Source/TMR_Adapter.o
 .text.TPM_ClearStatusFlags
                0x000162e2       0x18 ./framework/TimersManager/Source/TMR_Adapter.o
 .text.TPM_StartTimer
                0x000162fa       0x3a ./framework/TimersManager/Source/TMR_Adapter.o
 .text.TPM_StopTimer
                0x00016334       0x2a ./framework/TimersManager/Source/TMR_Adapter.o
 .text.StackTimer_GetInputFrequency
                0x0001635e       0x24 ./framework/TimersManager/Source/TMR_Adapter.o
                0x0001635e                StackTimer_GetInputFrequency
 .text.TMR_IsTimerActive
                0x00016382       0x28 ./framework/TimersManager/Source/TimersManager.o
                0x00016382                TMR_IsTimerActive
 .text.TMR_StartLowPowerTimer
                0x000163aa       0x40 ./framework/TimersManager/Source/TimersManager.o
                0x000163aa                TMR_StartLowPowerTimer
 .text.TMR_StartIntervalTimer
                0x000163ea       0x32 ./framework/TimersManager/Source/TimersManager.o
                0x000163ea                TMR_StartIntervalTimer
 .text.LPUART_WriteByte
                0x0001641c       0x1e ./framework/SerialManager/Source/UART_Adapter/UART_Adapter.o
 .text.LPUART_ReadByte
                0x0001643a       0x16 ./framework/SerialManager/Source/UART_Adapter/UART_Adapter.o
 .text.Serial_Print
                0x00016450       0x78 ./framework/SerialManager/Source/SerialManager.o
                0x00016450                Serial_Print
 .text.Serial_PrintHex
                0x000164c8      0x196 ./framework/SerialManager/Source/SerialManager.o
                0x000164c8                Serial_PrintHex
 .text.Serial_SyncTxCallback
                0x0001665e       0x1e ./framework/SerialManager/Source/SerialManager.o
 .text.Serial_UartTxCb
                0x0001667c       0x1a ./framework/SerialManager/Source/SerialManager.o
 .text.EnableIRQ
                0x00016696       0x2c ./framework/RNG/Source/RNG.o
 .text.RNG_GetRandomNo
                0x000166c2       0x2c ./framework/RNG/Source/RNG.o
                0x000166c2                RNG_GetRandomNo
 .text.panic    0x000166ee       0x16 ./framework/Panic/Source/Panic.o
                0x000166ee                panic
 .text.__assertion_failed
                0x00016704       0x10 ./framework/Panic/Source/Panic.o
                0x00016704                __assertion_failed
 .text.startup_task
                0x00016714       0x12 ./framework/OSAbstraction/Source/fsl_os_abstraction_free_rtos.o
                0x00016714                startup_task
 .text.OSA_TaskGetId
                0x00016726       0x10 ./framework/OSAbstraction/Source/fsl_os_abstraction_free_rtos.o
                0x00016726                OSA_TaskGetId
 .text.OSA_TaskCreate