mwa_coordinator.c:150:6:main_task	16	static
mwa_coordinator.c:190:6:App_init	8	static
mwa_coordinator.c:228:6:AppThread	48	static
mwa_coordinator.c:422:13:UartRxCallBack	32	static
mwa_coordinator.c:457:16:App_StartScan	32	static
mwa_coordinator.c:518:13:App_HandleScanEdConfirm	40	static
mwa_coordinator.c:609:16:App_StartCoordinator	40	static
mwa_coordinator.c:728:16:App_SendAssociateResponse	40	static
mwa_coordinator.c:854:16:App_HandleMlmeInput	16	static
mwa_coordinator.c:883:13:App_HandleMcpsInput	16	static
mwa_coordinator.c:915:6:LED_Refresh	40	static
mwa_coordinator.c:961:16:App_WaitMsg	16	static
mwa_coordinator.c:990:13:App_TransmitUartData	24	static
mwa_coordinator.c:1072:13:App_HandleKeys	16	static
mwa_coordinator.c:1104:14:MLME_NWK_SapHandler	16	static
mwa_coordinator.c:1112:14:MCPS_NWK_SapHandler	16	static
