19:56:38 **** Incremental Build of configuration Debug for project frdmkw41z_wireless_examples_ieee_802_15_4_mwa_coordinator_freertos ****
make -r -j4 all 
Building file: ../source/MyNewTask.c
Building file: ../source/mwa_coordinator.c
Invoking: MCU C Compiler
Invoking: MCU C Compiler
arm-none-eabi-gcc -std=gnu99 -D__REDLIB__ -DCPU_MKW41Z512VHT4_cm0plus -DCPU_MKW41Z512VHT4 -DFSL_RTOS_FREE_RTOS -DFRDM_KW41Z -DFREEDOM -DSDK_DEBUGCONSOLE=0 -DCR_INTEGER_PRINTF -DPRINTF_FLOAT_ENABLE=0 -D__MCUXPRESSO -D__USE_CMSIS -DDEBUG -I../board -I../source -I../ -I../framework/OSAbstraction/Interface -I../framework/common -I../freertos -I../ieee_802.15.4/mac/source/App -I../ieee_802.15.4/mac/interface -I../ieee_802.15.4/phy/interface -I../framework/GPIO -I../framework/Keyboard/Interface -I../framework/TimersManager/Interface -I../framework/TimersManager/Source -I../framework/LED/Interface -I../framework/SerialManager/Source/SPI_Adapter -I../framework/SerialManager/Source/UART_Adapter -I../framework/SerialManager/Source/I2C_Adapter -I../framework/Flash/Internal -I../framework/MemManager/Interface -I../framework/Lists -I../framework/Messaging/Interface -I../framework/Panic/Interface -I../framework/RNG/Interface -I../framework/SerialManager/Interface -I../framework/ModuleInfo -I../framework/FunctionLib -I../framework/SecLib -I../framework/MWSCoexistence/Interface -I../drivers -I../CMSIS -I../utilities -I../framework/DCDC/Interface -I../framework/XCVR/MKW41Z4 -I../ieee_802.15.4/phy/source/MKW41Z -O0 -fno-common -g -Wall -c  -ffunction-sections  -fdata-sections  -ffreestanding  -fno-builtin -imacros "C:/Embebidos/Redes/frdmkw41z_wireless_examples_ieee_802_15_4_mwa_coordinator_freertos/source/app_preinclude.h" -mcpu=cortex-m0plus -mthumb -D__REDLIB__ -fstack-usage -specs=redlib.specs -MMD -MP -MF"source/mwa_coordinator.d" -MT"source/mwa_coordinator.o" -MT"source/mwa_coordinator.d" -o "source/mwa_coordinator.o" "../source/mwa_coordinator.c"
arm-none-eabi-gcc -std=gnu99 -D__REDLIB__ -DCPU_MKW41Z512VHT4_cm0plus -DCPU_MKW41Z512VHT4 -DFSL_RTOS_FREE_RTOS -DFRDM_KW41Z -DFREEDOM -DSDK_DEBUGCONSOLE=0 -DCR_INTEGER_PRINTF -DPRINTF_FLOAT_ENABLE=0 -D__MCUXPRESSO -D__USE_CMSIS -DDEBUG -I../board -I../source -I../ -I../framework/OSAbstraction/Interface -I../framework/common -I../freertos -I../ieee_802.15.4/mac/source/App -I../ieee_802.15.4/mac/interface -I../ieee_802.15.4/phy/interface -I../framework/GPIO -I../framework/Keyboard/Interface -I../framework/TimersManager/Interface -I../framework/TimersManager/Source -I../framework/LED/Interface -I../framework/SerialManager/Source/SPI_Adapter -I../framework/SerialManager/Source/UART_Adapter -I../framework/SerialManager/Source/I2C_Adapter -I../framework/Flash/Internal -I../framework/MemManager/Interface -I../framework/Lists -I../framework/Messaging/Interface -I../framework/Panic/Interface -I../framework/RNG/Interface -I../framework/SerialManager/Interface -I../framework/ModuleInfo -I../framework/FunctionLib -I../framework/SecLib -I../framework/MWSCoexistence/Interface -I../drivers -I../CMSIS -I../utilities -I../framework/DCDC/Interface -I../framework/XCVR/MKW41Z4 -I../ieee_802.15.4/phy/source/MKW41Z -O0 -fno-common -g -Wall -c  -ffunction-sections  -fdata-sections  -ffreestanding  -fno-builtin -imacros "C:/Embebidos/Redes/frdmkw41z_wireless_examples_ieee_802_15_4_mwa_coordinator_freertos/source/app_preinclude.h" -mcpu=cortex-m0plus -mthumb -D__REDLIB__ -fstack-usage -specs=redlib.specs -MMD -MP -MF"source/MyNewTask.d" -MT"source/MyNewTask.o" -MT"source/MyNewTask.d" -o "source/MyNewTask.o" "../source/MyNewTask.c"
Finished building: ../source/MyNewTask.c
Finished building: ../source/mwa_coordinator.c
 
 
Building target: frdmkw41z_wireless_examples_ieee_802_15_4_mwa_coordinator_freertos.axf
Invoking: MCU Linker
arm-none-eabi-gcc -L"C:\Embebidos\Redes\frdmkw41z_wireless_examples_ieee_802_15_4_mwa_coordinator_freertos\libs" -Xlinker -Map="frdmkw41z_wireless_examples_ieee_802_15_4_mwa_coordinator_freertos.map" -Xlinker --gc-sections -Xlinker -print-memory-usage -Xlinker --sort-section=alignment -Xlinker --cref -mcpu=cortex-m0plus -mthumb -T MKW41Z512xxx4_connectivity.ld -L ../source -o "frdmkw41z_wireless_examples_ieee_802_15_4_mwa_coordinator_freertos.axf"  ./utilities/fsl_debug_console.o  ./startup/startup_MKW41Z4.o  ./source/MyNewTask.o ./source/mtb.o ./source/mwa_coordinator.o ./source/semihost_hardfault.o  ./ieee_802.15.4/phy/source/MKW41Z/ASP.o ./ieee_802.15.4/phy/source/MKW41Z/MPM.o ./ieee_802.15.4/phy/source/MKW41Z/PhyISR.o ./ieee_802.15.4/phy/source/MKW41Z/PhyPacketProcessor.o ./ieee_802.15.4/phy/source/MKW41Z/PhyPlmeData.o ./ieee_802.15.4/phy/source/MKW41Z/PhyStateMachine.o ./ieee_802.15.4/phy/source/MKW41Z/PhyTime.o  ./ieee_802.15.4/mac/source/App/FsciAspCommands.o ./ieee_802.15.4/mac/source/App/FsciMacCommands.o ./ieee_802.15.4/mac/source/App/MacGlobals.o  ./freertos/croutine.o ./freertos/event_groups.o ./freertos/fsl_tickless_lptmr.o ./freertos/fsl_tickless_systick.o ./freertos/heap_4.o ./freertos/list.o ./freertos/port.o ./freertos/queue.o ./freertos/tasks.o ./freertos/timers.o  ./framework/XCVR/MKW41Z4/cfgs_kw4x_3x_2x/fsl_xcvr_ant_config.o ./framework/XCVR/MKW41Z4/cfgs_kw4x_3x_2x/fsl_xcvr_ble_config.o ./framework/XCVR/MKW41Z4/cfgs_kw4x_3x_2x/fsl_xcvr_common_config.o ./framework/XCVR/MKW41Z4/cfgs_kw4x_3x_2x/fsl_xcvr_gfsk_bt_0p3_h_0p5_config.o ./framework/XCVR/MKW41Z4/cfgs_kw4x_3x_2x/fsl_xcvr_gfsk_bt_0p5_h_0p32_config.o ./framework/XCVR/MKW41Z4/cfgs_kw4x_3x_2x/fsl_xcvr_gfsk_bt_0p5_h_0p5_config.o ./framework/XCVR/MKW41Z4/cfgs_kw4x_3x_2x/fsl_xcvr_gfsk_bt_0p5_h_0p7_config.o ./framework/XCVR/MKW41Z4/cfgs_kw4x_3x_2x/fsl_xcvr_gfsk_bt_0p5_h_1p0_config.o ./framework/XCVR/MKW41Z4/cfgs_kw4x_3x_2x/fsl_xcvr_gfsk_bt_0p7_h_0p5_config.o ./framework/XCVR/MKW41Z4/cfgs_kw4x_3x_2x/fsl_xcvr_mode_datarate_config.o ./framework/XCVR/MKW41Z4/cfgs_kw4x_3x_2x/fsl_xcvr_msk_config.o ./framework/XCVR/MKW41Z4/cfgs_kw4x_3x_2x/fsl_xcvr_zgbe_config.o  ./framework/XCVR/MKW41Z4/dbg_ram_capture.o ./framework/XCVR/MKW41Z4/fsl_xcvr.o ./framework/XCVR/MKW41Z4/fsl_xcvr_trim.o ./framework/XCVR/MKW41Z4/ifr_radio.o  ./framework/TimersManager/Source/TMR_Adapter.o ./framework/TimersManager/Source/TimersManager.o  ./framework/SerialManager/Source/UART_Adapter/UART_Adapter.o  ./framework/SerialManager/Source/SPI_Adapter/SPI_Adapter.o  ./framework/SerialManager/Source/I2C_Adapter/I2C_Adapter.o  ./framework/SerialManager/Source/SerialManager.o  ./framework/SecLib/SecLib.o  ./framework/Reset/Reset.o  ./framework/RNG/Source/RNG.o  ./framework/Panic/Source/Panic.o  ./framework/OSAbstraction/Source/fsl_os_abstraction_free_rtos.o  ./framework/ModuleInfo/ModuleInfo.o  ./framework/Messaging/Source/Messaging.o  ./framework/MemManager/Source/MemManager.o  ./framework/MWSCoexistence/Source/MWS.o  ./framework/Lists/GenericList.o  ./framework/LED/Source/LED.o  ./framework/Keyboard/Source/Keyboard.o  ./framework/GPIO/GPIO_Adapter.o  ./framework/FunctionLib/FunctionLib.o  ./framework/Flash/Internal/Flash_Adapter.o  ./framework/DCDC/Source/DCDC.o  ./drivers/fsl_adc16.o ./drivers/fsl_clock.o ./drivers/fsl_common.o ./drivers/fsl_dspi.o ./drivers/fsl_dspi_freertos.o ./drivers/fsl_flash.o ./drivers/fsl_gpio.o ./drivers/fsl_i2c.o ./drivers/fsl_i2c_freertos.o ./drivers/fsl_llwu.o ./drivers/fsl_lptmr.o ./drivers/fsl_lpuart.o ./drivers/fsl_lpuart_freertos.o ./drivers/fsl_ltc.o ./drivers/fsl_pmc.o ./drivers/fsl_rtc.o ./drivers/fsl_smc.o ./drivers/fsl_tpm.o ./drivers/fsl_trng.o ./drivers/fsl_tsi_v4.o  ./board/board.o ./board/clock_config.o ./board/gpio_pins.o ./board/pin_mux.o  ./CMSIS/system_MKW41Z4.o   -lm -lc -lgcc -lnosys -l_crypto_m0 -l802.15.4_mac_06_cm0
Memory region         Used Size  Region Size  %age Used
    TEXT_region1:         192 B         1 KB     18.75%
m_flash_config_region:          16 B         16 B    100.00%
    TEXT_region2:      108903 B     513006 B     21.23%
      NVM_region:        8191 B       8191 B    100.00%
    DATA1_region:          0 GB        32 KB      0.00%
    DATA2_region:       19632 B        96 KB     19.97%
PRODUCT_INFO_region:          0 GB       2047 B      0.00%
Finished building target: frdmkw41z_wireless_examples_ieee_802_15_4_mwa_coordinator_freertos.axf
 
make --no-print-directory post-build
Performing post-build steps
arm-none-eabi-size "frdmkw41z_wireless_examples_ieee_802_15_4_mwa_coordinator_freertos.axf"; # arm-none-eabi-objcopy -v -O binary "frdmkw41z_wireless_examples_ieee_802_15_4_mwa_coordinator_freertos.axf" "frdmkw41z_wireless_examples_ieee_802_15_4_mwa_coordinator_freertos.bin" ; # checksum -p MKW41Z512xxx4 -d "frdmkw41z_wireless_examples_ieee_802_15_4_mwa_coordinator_freertos.bin";
   text	   data	    bss	    dec	    hex	filename
 109084	   9723	  18112	 136919	  216d7	frdmkw41z_wireless_examples_ieee_802_15_4_mwa_coordinator_freertos.axf
 

19:56:40 Build Finished. 0 errors, 0 warnings. (took 1s.851ms)

