18:48:41 **** Incremental Build of configuration Debug for project Thread_router ****
make -r -j4 all 
Building file: ../nwk_ip/base/shell/shell_ip.c
Invoking: MCU C Compiler
arm-none-eabi-gcc -std=gnu99 -D__REDLIB__ -DCPU_MKW41Z512VHT4_cm0plus -DCPU_MKW41Z512VHT4 -D__SEMIHOST_HARDFAULT_DISABLE=1 -DFSL_RTOS_FREE_RTOS -DFRDM_KW41Z -DFREEDOM -DSDK_DEBUGCONSOLE=0 -DCR_INTEGER_PRINTF -DPRINTF_FLOAT_ENABLE=0 -D__MCUXPRESSO -D__USE_CMSIS -DDEBUG -I../board -I../source -I../ -I../framework/OSAbstraction/Interface -I../framework/common -I../freertos -I../ieee_802.15.4/mac/source/App -I../ieee_802.15.4/mac/interface -I../ieee_802.15.4/phy/interface -I../framework/GPIO -I../framework/Keyboard/Interface -I../framework/TimersManager/Interface -I../framework/TimersManager/Source -I../framework/LED/Interface -I../framework/SerialManager/Source/SPI_Adapter -I../framework/SerialManager/Source/UART_Adapter -I../framework/SerialManager/Source/I2C_Adapter -I../framework/Flash/Internal -I../framework/MemManager/Interface -I../framework/Lists -I../framework/Messaging/Interface -I../framework/Panic/Interface -I../framework/RNG/Interface -I../framework/SerialManager/Interface -I../framework/SecLib -I../framework/FunctionLib -I../framework/ModuleInfo -I../framework/MWSCoexistence/Interface -I../framework/Shell/Interface -I../framework/NVM/Interface -I../framework/NVM/Source -I../framework/FSCI/Interface -I../framework/FSCI/Source -I../framework/LowPower/Interface/MKW41Z -I../framework/LowPower/Source/MKW41Z -I../nwk_ip/core/interface -I../nwk_ip/core/interface/modules -I../nwk_ip/core/interface/thread -I../nwk_ip/base/interface -I../nwk_ip/core/interface/http -I../nwk_ip/app/config -I../nwk_ip/app/common -I../drivers -I../CMSIS -I../utilities -I../framework/DCDC/Interface -I../framework/XCVR/MKW41Z4 -I../ieee_802.15.4/phy/source/MKW41Z -Og -fno-common -g -Wall -Wno-missing-braces  -c  -ffunction-sections  -fdata-sections  -ffreestanding  -fno-builtin -imacros "C:/Embebidos/Redes/Thread_router/source/config.h" -mcpu=cortex-m0plus -mthumb -D__REDLIB__ -fstack-usage -specs=redlib.specs -MMD -MP -MF"nwk_ip/base/shell/shell_ip.d" -MT"nwk_ip/base/shell/shell_ip.o" -MT"nwk_ip/base/shell/shell_ip.d" -o "nwk_ip/base/shell/shell_ip.o" "../nwk_ip/base/shell/shell_ip.c"
Finished building: ../nwk_ip/base/shell/shell_ip.c
 
Building target: Thread_router.axf
Invoking: MCU Linker
arm-none-eabi-gcc -L"C:\Embebidos\Redes\Thread_router\libs" -Xlinker -Map="Thread_router.map" -Xlinker --gc-sections -Xlinker -print-memory-usage -Xlinker --sort-section=alignment -Xlinker --cref -mcpu=cortex-m0plus -mthumb -T MKW41Z512xxx4_connectivity.ld -L ../source -o "Thread_router.axf"  ./utilities/fsl_debug_console.o  ./startup/startup_MKW41Z4.o  ./source/mtb.o ./source/router_eligible_device_app.o ./source/semihost_hardfault.o  ./nwk_ip/core/source/http/http.o ./nwk_ip/core/source/http/http_client.o ./nwk_ip/core/source/http/http_server.o  ./nwk_ip/base/utils/debug_log.o ./nwk_ip/base/utils/mac_abs_802154.o ./nwk_ip/base/utils/mac_filtering.o ./nwk_ip/base/utils/nv_data.o ./nwk_ip/base/utils/nvm_adapter.o  ./nwk_ip/base/thread_config/thread_config.o  ./nwk_ip/base/thci/thci.o  ./nwk_ip/base/stack_globals/arp_globals.o ./nwk_ip/base/stack_globals/coap_globals.o ./nwk_ip/base/stack_globals/dhcp_globals.o ./nwk_ip/base/stack_globals/dns_globals.o ./nwk_ip/base/stack_globals/dtls_globals.o ./nwk_ip/base/stack_globals/event_manager_globals.o ./nwk_ip/base/stack_globals/icmp_globals.o ./nwk_ip/base/stack_globals/ip_globals.o ./nwk_ip/base/stack_globals/mdns_globals.o ./nwk_ip/base/stack_globals/mle_globals.o ./nwk_ip/base/stack_globals/mpl_globals.o ./nwk_ip/base/stack_globals/nd_globals.o ./nwk_ip/base/stack_globals/sixlowpan_globals.o ./nwk_ip/base/stack_globals/sockets_globals.o ./nwk_ip/base/stack_globals/tcp_globals.o ./nwk_ip/base/stack_globals/thread_globals.o ./nwk_ip/base/stack_globals/trickle_globals.o ./nwk_ip/base/stack_globals/udp_globals.o  ./nwk_ip/base/shell/shell_ip.o  ./nwk_ip/base/ip_media_if/ip_if_6lo.o ./nwk_ip/base/ip_media_if/ip_if_enet.o ./nwk_ip/base/ip_media_if/ip_if_loopback.o ./nwk_ip/base/ip_media_if/ip_if_usbenet.o  ./nwk_ip/app/common/app_coap_observe.o ./nwk_ip/app/common/app_echo_udp.o ./nwk_ip/app/common/app_event_monitoring.o ./nwk_ip/app/common/app_init.o ./nwk_ip/app/common/app_led.o ./nwk_ip/app/common/app_observe_demo.o ./nwk_ip/app/common/app_socket_utils.o ./nwk_ip/app/common/app_temp_sensor.o ./nwk_ip/app/common/app_thread_callbacks.o ./nwk_ip/app/common/app_thread_init.o  ./ieee_802.15.4/phy/source/MKW41Z/ASP.o ./ieee_802.15.4/phy/source/MKW41Z/MPM.o ./ieee_802.15.4/phy/source/MKW41Z/PhyISR.o ./ieee_802.15.4/phy/source/MKW41Z/PhyPacketProcessor.o ./ieee_802.15.4/phy/source/MKW41Z/PhyPlmeData.o ./ieee_802.15.4/phy/source/MKW41Z/PhyStateMachine.o ./ieee_802.15.4/phy/source/MKW41Z/PhyTime.o  ./ieee_802.15.4/mac/source/App/FsciAspCommands.o ./ieee_802.15.4/mac/source/App/FsciMacCommands.o ./ieee_802.15.4/mac/source/App/MacGlobals.o  ./freertos/croutine.o ./freertos/event_groups.o ./freertos/fsl_tickless_lptmr.o ./freertos/fsl_tickless_systick.o ./freertos/heap_4.o ./freertos/list.o ./freertos/port.o ./freertos/queue.o ./freertos/tasks.o ./freertos/timers.o  ./framework/XCVR/MKW41Z4/cfgs_kw4x_3x_2x/fsl_xcvr_ant_config.o ./framework/XCVR/MKW41Z4/cfgs_kw4x_3x_2x/fsl_xcvr_ble_config.o ./framework/XCVR/MKW41Z4/cfgs_kw4x_3x_2x/fsl_xcvr_common_config.o ./framework/XCVR/MKW41Z4/cfgs_kw4x_3x_2x/fsl_xcvr_gfsk_bt_0p3_h_0p5_config.o ./framework/XCVR/MKW41Z4/cfgs_kw4x_3x_2x/fsl_xcvr_gfsk_bt_0p5_h_0p32_config.o ./framework/XCVR/MKW41Z4/cfgs_kw4x_3x_2x/fsl_xcvr_gfsk_bt_0p5_h_0p5_config.o ./framework/XCVR/MKW41Z4/cfgs_kw4x_3x_2x/fsl_xcvr_gfsk_bt_0p5_h_0p7_config.o ./framework/XCVR/MKW41Z4/cfgs_kw4x_3x_2x/fsl_xcvr_gfsk_bt_0p5_h_1p0_config.o ./framework/XCVR/MKW41Z4/cfgs_kw4x_3x_2x/fsl_xcvr_gfsk_bt_0p7_h_0p5_config.o ./framework/XCVR/MKW41Z4/cfgs_kw4x_3x_2x/fsl_xcvr_mode_datarate_config.o ./framework/XCVR/MKW41Z4/cfgs_kw4x_3x_2x/fsl_xcvr_msk_config.o ./framework/XCVR/MKW41Z4/cfgs_kw4x_3x_2x/fsl_xcvr_zgbe_config.o  ./framework/XCVR/MKW41Z4/dbg_ram_capture.o ./framework/XCVR/MKW41Z4/fsl_xcvr.o ./framework/XCVR/MKW41Z4/fsl_xcvr_trim.o ./framework/XCVR/MKW41Z4/ifr_radio.o  ./framework/TimersManager/Source/TMR_Adapter.o ./framework/TimersManager/Source/TimersManager.o  ./framework/Shell/Source/shell.o ./framework/Shell/Source/shell_autocomplete.o ./framework/Shell/Source/shell_cmdhelp.o ./framework/Shell/Source/shell_cmdhist.o  ./framework/SerialManager/Source/UART_Adapter/UART_Adapter.o  ./framework/SerialManager/Source/SPI_Adapter/SPI_Adapter.o  ./framework/SerialManager/Source/I2C_Adapter/I2C_Adapter.o  ./framework/SerialManager/Source/SerialManager.o  ./framework/SecLib/SecLib.o  ./framework/Reset/Reset.o  ./framework/RNG/Source/RNG.o  ./framework/Panic/Source/Panic.o  ./framework/OSAbstraction/Source/fsl_os_abstraction_free_rtos.o  ./framework/NVM/Source/NV_Flash.o ./framework/NVM/Source/NV_FsciCommands.o  ./framework/ModuleInfo/ModuleInfo.o  ./framework/Messaging/Source/Messaging.o  ./framework/MemManager/Source/MemManager.o  ./framework/MWSCoexistence/Source/MWS.o  ./framework/LowPower/Source/MKW41Z/PWR.o ./framework/LowPower/Source/MKW41Z/PWRLib.o  ./framework/Lists/GenericList.o  ./framework/LED/Source/LED.o  ./framework/Keyboard/Source/Keyboard.o  ./framework/GPIO/GPIO_Adapter.o  ./framework/FunctionLib/FunctionLib.o  ./framework/Flash/Internal/Flash_Adapter.o  ./framework/FSCI/Source/FsciCommands.o ./framework/FSCI/Source/FsciCommunication.o ./framework/FSCI/Source/FsciLogging.o ./framework/FSCI/Source/FsciMain.o  ./framework/DCDC/Source/DCDC.o  ./drivers/fsl_adc16.o ./drivers/fsl_clock.o ./drivers/fsl_common.o ./drivers/fsl_dspi.o ./drivers/fsl_dspi_freertos.o ./drivers/fsl_flash.o ./drivers/fsl_gpio.o ./drivers/fsl_i2c.o ./drivers/fsl_i2c_freertos.o ./drivers/fsl_llwu.o ./drivers/fsl_lptmr.o ./drivers/fsl_lpuart.o ./drivers/fsl_lpuart_freertos.o ./drivers/fsl_ltc.o ./drivers/fsl_pmc.o ./drivers/fsl_rtc.o ./drivers/fsl_smc.o ./drivers/fsl_tpm.o ./drivers/fsl_trng.o ./drivers/fsl_tsi_v4.o  ./board/board.o ./board/clock_config.o ./board/gpio_pins.o ./board/pin_mux.o  ./CMSIS/system_MKW41Z4.o   -lm -lc -lgcc -lnosys -l_crypto_m0 -l802.15.4_mac_thr_cm0 -l_thread_cm0
Memory region         Used Size  Region Size  %age Used
    TEXT_region1:         192 B         1 KB     18.75%
m_flash_config_region:          16 B         16 B    100.00%
    TEXT_region2:      344275 B     455662 B     75.55%
      NVM_region:       65535 B      65535 B    100.00%
    DATA1_region:          0 GB        32 KB      0.00%
    DATA2_region:       61608 B        96 KB     62.67%
PRODUCT_INFO_region:          0 GB       2047 B      0.00%
Finished building target: Thread_router.axf
 
make --no-print-directory post-build
Performing post-build steps
arm-none-eabi-size "Thread_router.axf"; # arm-none-eabi-objcopy -v -O binary "Thread_router.axf" "Thread_router.bin" ; # checksum -p MKW41Z512xxx4 -d "Thread_router.bin";
   text	   data	    bss	    dec	    hex	filename
 344456	  69339	  57816	 471611	  7323b	Thread_router.axf
 
18:50:42 **** Incremental Build of configuration Debug for project Thread_router ****
make -r -j4 all 
make: Nothing to be done for 'all'.
18:52:41 **** Incremental Build of configuration Debug for project Thread_leader ****
make -r -j4 all 
Building file: ../source/router_eligible_device_app.c
Building file: ../nwk_ip/base/thread_config/thread_config.c
Building file: ../nwk_ip/base/thci/thci.c
Building file: ../nwk_ip/base/stack_globals/ip_globals.c
Invoking: MCU C Compiler
Invoking: MCU C Compiler
Invoking: MCU C Compiler
arm-none-eabi-gcc -std=gnu99 -D__REDLIB__ -DCPU_MKW41Z512VHT4_cm0plus -DCPU_MKW41Z512VHT4 -D__SEMIHOST_HARDFAULT_DISABLE=1 -DFSL_RTOS_FREE_RTOS -DFRDM_KW41Z -DFREEDOM -DSDK_DEBUGCONSOLE=0 -DCR_INTEGER_PRINTF -DPRINTF_FLOAT_ENABLE=0 -D__MCUXPRESSO -D__USE_CMSIS -DDEBUG -I../board -I../source -I../ -I../framework/OSAbstraction/Interface -I../framework/common -I../freertos -I../ieee_802.15.4/mac/source/App -I../ieee_802.15.4/mac/interface -I../ieee_802.15.4/phy/interface -I../framework/GPIO -I../framework/Keyboard/Interface -I../framework/TimersManager/Interface -I../framework/TimersManager/Source -I../framework/LED/Interface -I../framework/SerialManager/Source/SPI_Adapter -I../framework/SerialManager/Source/UART_Adapter -I../framework/SerialManager/Source/I2C_Adapter -I../framework/Flash/Internal -I../framework/MemManager/Interface -I../framework/Lists -I../framework/Messaging/Interface -I../framework/Panic/Interface -I../framework/RNG/Interface -I../framework/SerialManager/Interface -I../framework/SecLib -I../framework/FunctionLib -I../framework/ModuleInfo -I../framework/MWSCoexistence/Interface -I../framework/Shell/Interface -I../framework/NVM/Interface -I../framework/NVM/Source -I../framework/FSCI/Interface -I../framework/FSCI/Source -I../framework/LowPower/Interface/MKW41Z -I../framework/LowPower/Source/MKW41Z -I../nwk_ip/core/interface -I../nwk_ip/core/interface/modules -I../nwk_ip/core/interface/thread -I../nwk_ip/base/interface -I../nwk_ip/core/interface/http -I../nwk_ip/app/config -I../nwk_ip/app/common -I../drivers -I../CMSIS -I../utilities -I../framework/DCDC/Interface -I../framework/XCVR/MKW41Z4 -I../ieee_802.15.4/phy/source/MKW41Z -Og -fno-common -g -Wall -Wno-missing-braces  -c  -ffunction-sections  -fdata-sections  -ffreestanding  -fno-builtin -imacros "C:/Embebidos/Redes/Thread_leader/source/config.h" -mcpu=cortex-m0plus -mthumb -D__REDLIB__ -fstack-usage -specs=redlib.specs -MMD -MP -MF"source/router_eligible_device_app.d" -MT"source/router_eligible_device_app.o" -MT"source/router_eligible_device_app.d" -o "source/router_eligible_device_app.o" "../source/router_eligible_device_app.c"
Invoking: MCU C Compiler
arm-none-eabi-gcc -std=gnu99 -D__REDLIB__ -DCPU_MKW41Z512VHT4_cm0plus -DCPU_MKW41Z512VHT4 -D__SEMIHOST_HARDFAULT_DISABLE=1 -DFSL_RTOS_FREE_RTOS -DFRDM_KW41Z -DFREEDOM -DSDK_DEBUGCONSOLE=0 -DCR_INTEGER_PRINTF -DPRINTF_FLOAT_ENABLE=0 -D__MCUXPRESSO -D__USE_CMSIS -DDEBUG -I../board -I../source -I../ -I../framework/OSAbstraction/Interface -I../framework/common -I../freertos -I../ieee_802.15.4/mac/source/App -I../ieee_802.15.4/mac/interface -I../ieee_802.15.4/phy/interface -I../framework/GPIO -I../framework/Keyboard/Interface -I../framework/TimersManager/Interface -I../framework/TimersManager/Source -I../framework/LED/Interface -I../framework/SerialManager/Source/SPI_Adapter -I../framework/SerialManager/Source/UART_Adapter -I../framework/SerialManager/Source/I2C_Adapter -I../framework/Flash/Internal -I../framework/MemManager/Interface -I../framework/Lists -I../framework/Messaging/Interface -I../framework/Panic/Interface -I../framework/RNG/Interface -I../framework/SerialManager/Interface -I../framework/SecLib -I../framework/FunctionLib -I../framework/ModuleInfo -I../framework/MWSCoexistence/Interface -I../framework/Shell/Interface -I../framework/NVM/Interface -I../framework/NVM/Source -I../framework/FSCI/Interface -I../framework/FSCI/Source -I../framework/LowPower/Interface/MKW41Z -I../framework/LowPower/Source/MKW41Z -I../nwk_ip/core/interface -I../nwk_ip/core/interface/modules -I../nwk_ip/core/interface/thread -I../nwk_ip/base/interface -I../nwk_ip/core/interface/http -I../nwk_ip/app/config -I../nwk_ip/app/common -I../drivers -I../CMSIS -I../utilities -I../framework/DCDC/Interface -I../framework/XCVR/MKW41Z4 -I../ieee_802.15.4/phy/source/MKW41Z -Og -fno-common -g -Wall -Wno-missing-braces  -c  -ffunction-sections  -fdata-sections  -ffreestanding  -fno-builtin -imacros "C:/Embebidos/Redes/Thread_leader/source/config.h" -mcpu=cortex-m0plus -mthumb -D__REDLIB__ -fstack-usage -specs=redlib.specs -MMD -MP -MF"nwk_ip/base/thread_config/thread_config.d" -MT"nwk_ip/base/thread_config/thread_config.o" -MT"nwk_ip/base/thread_config/thread_config.d" -o "nwk_ip/base/thread_config/thread_config.o" "../nwk_ip/base/thread_config/thread_config.c"
arm-none-eabi-gcc -std=gnu99 -D__REDLIB__ -DCPU_MKW41Z512VHT4_cm0plus -DCPU_MKW41Z512VHT4 -D__SEMIHOST_HARDFAULT_DISABLE=1 -DFSL_RTOS_FREE_RTOS -DFRDM_KW41Z -DFREEDOM -DSDK_DEBUGCONSOLE=0 -DCR_INTEGER_PRINTF -DPRINTF_FLOAT_ENABLE=0 -D__MCUXPRESSO -D__USE_CMSIS -DDEBUG -I../board -I../source -I../ -I../framework/OSAbstraction/Interface -I../framework/common -I../freertos -I../ieee_802.15.4/mac/source/App -I../ieee_802.15.4/mac/interface -I../ieee_802.15.4/phy/interface -I../framework/GPIO -I../framework/Keyboard/Interface -I../framework/TimersManager/Interface -I../framework/TimersManager/Source -I../framework/LED/Interface -I../framework/SerialManager/Source/SPI_Adapter -I../framework/SerialManager/Source/UART_Adapter -I../framework/SerialManager/Source/I2C_Adapter -I../framework/Flash/Internal -I../framework/MemManager/Interface -I../framework/Lists -I../framework/Messaging/Interface -I../framework/Panic/Interface -I../framework/RNG/Interface -I../framework/SerialManager/Interface -I../framework/SecLib -I../framework/FunctionLib -I../framework/ModuleInfo -I../framework/MWSCoexistence/Interface -I../framework/Shell/Interface -I../framework/NVM/Interface -I../framework/NVM/Source -I../framework/FSCI/Interface -I../framework/FSCI/Source -I../framework/LowPower/Interface/MKW41Z -I../framework/LowPower/Source/MKW41Z -I../nwk_ip/core/interface -I../nwk_ip/core/interface/modules -I../nwk_ip/core/interface/thread -I../nwk_ip/base/interface -I../nwk_ip/core/interface/http -I../nwk_ip/app/config -I../nwk_ip/app/common -I../drivers -I../CMSIS -I../utilities -I../framework/DCDC/Interface -I../framework/XCVR/MKW41Z4 -I../ieee_802.15.4/phy/source/MKW41Z -Og -fno-common -g -Wall -Wno-missing-braces  -c  -ffunction-sections  -fdata-sections  -ffreestanding  -fno-builtin -imacros "C:/Embebidos/Redes/Thread_leader/source/config.h" -mcpu=cortex-m0plus -mthumb -D__REDLIB__ -fstack-usage -specs=redlib.specs -MMD -MP -MF"nwk_ip/base/thci/thci.d" -MT"nwk_ip/base/thci/thci.o" -MT"nwk_ip/base/thci/thci.d" -o "nwk_ip/base/thci/thci.o" "../nwk_ip/base/thci/thci.c"
arm-none-eabi-gcc -std=gnu99 -D__REDLIB__ -DCPU_MKW41Z512VHT4_cm0plus -DCPU_MKW41Z512VHT4 -D__SEMIHOST_HARDFAULT_DISABLE=1 -DFSL_RTOS_FREE_RTOS -DFRDM_KW41Z -DFREEDOM -DSDK_DEBUGCONSOLE=0 -DCR_INTEGER_PRINTF -DPRINTF_FLOAT_ENABLE=0 -D__MCUXPRESSO -D__USE_CMSIS -DDEBUG -I../board -I../source -I../ -I../framework/OSAbstraction/Interface -I../framework/common -I../freertos -I../ieee_802.15.4/mac/source/App -I../ieee_802.15.4/mac/interface -I../ieee_802.15.4/phy/interface -I../framework/GPIO -I../framework/Keyboard/Interface -I../framework/TimersManager/Interface -I../framework/TimersManager/Source -I../framework/LED/Interface -I../framework/SerialManager/Source/SPI_Adapter -I../framework/SerialManager/Source/UART_Adapter -I../framework/SerialManager/Source/I2C_Adapter -I../framework/Flash/Internal -I../framework/MemManager/Interface -I../framework/Lists -I../framework/Messaging/Interface -I../framework/Panic/Interface -I../framework/RNG/Interface -I../framework/SerialManager/Interface -I../framework/SecLib -I../framework/FunctionLib -I../framework/ModuleInfo -I../framework/MWSCoexistence/Interface -I../framework/Shell/Interface -I../framework/NVM/Interface -I../framework/NVM/Source -I../framework/FSCI/Interface -I../framework/FSCI/Source -I../framework/LowPower/Interface/MKW41Z -I../framework/LowPower/Source/MKW41Z -I../nwk_ip/core/interface -I../nwk_ip/core/interface/modules -I../nwk_ip/core/interface/thread -I../nwk_ip/base/interface -I../nwk_ip/core/interface/http -I../nwk_ip/app/config -I../nwk_ip/app/common -I../drivers -I../CMSIS -I../utilities -I../framework/DCDC/Interface -I../framework/XCVR/MKW41Z4 -I../ieee_802.15.4/phy/source/MKW41Z -Og -fno-common -g -Wall -Wno-missing-braces  -c  -ffunction-sections  -fdata-sections  -ffreestanding  -fno-builtin -imacros "C:/Embebidos/Redes/Thread_leader/source/config.h" -mcpu=cortex-m0plus -mthumb -D__REDLIB__ -fstack-usage -specs=redlib.specs -MMD -MP -MF"nwk_ip/base/stack_globals/ip_globals.d" -MT"nwk_ip/base/stack_globals/ip_globals.o" -MT"nwk_ip/base/stack_globals/ip_globals.d" -o "nwk_ip/base/stack_globals/ip_globals.o" "../nwk_ip/base/stack_globals/ip_globals.c"
Finished building: ../nwk_ip/base/stack_globals/ip_globals.c
 
Building file: ../nwk_ip/base/stack_globals/sockets_globals.c
Finished building: ../nwk_ip/base/thread_config/thread_config.c
Invoking: MCU C Compiler
arm-none-eabi-gcc -std=gnu99 -D__REDLIB__ -DCPU_MKW41Z512VHT4_cm0plus -DCPU_MKW41Z512VHT4 -D__SEMIHOST_HARDFAULT_DISABLE=1 -DFSL_RTOS_FREE_RTOS -DFRDM_KW41Z -DFREEDOM -DSDK_DEBUGCONSOLE=0 -DCR_INTEGER_PRINTF -DPRINTF_FLOAT_ENABLE=0 -D__MCUXPRESSO -D__USE_CMSIS -DDEBUG -I../board -I../source -I../ -I../framework/OSAbstraction/Interface -I../framework/common -I../freertos -I../ieee_802.15.4/mac/source/App -I../ieee_802.15.4/mac/interface -I../ieee_802.15.4/phy/interface -I../framework/GPIO -I../framework/Keyboard/Interface -I../framework/TimersManager/Interface -I../framework/TimersManager/Source -I../framework/LED/Interface -I../framework/SerialManager/Source/SPI_Adapter -I../framework/SerialManager/Source/UART_Adapter -I../framework/SerialManager/Source/I2C_Adapter -I../framework/Flash/Internal -I../framework/MemManager/Interface -I../framework/Lists -I../framework/Messaging/Interface -I../framework/Panic/Interface -I../framework/RNG/Interface -I../framework/SerialManager/Interface -I../framework/SecLib -I../framework/FunctionLib -I../framework/ModuleInfo -I../framework/MWSCoexistence/Interface -I../framework/Shell/Interface -I../framework/NVM/Interface -I../framework/NVM/Source -I../framework/FSCI/Interface -I../framework/FSCI/Source -I../framework/LowPower/Interface/MKW41Z -I../framework/LowPower/Source/MKW41Z -I../nwk_ip/core/interface -I../nwk_ip/core/interface/modules -I../nwk_ip/core/interface/thread -I../nwk_ip/base/interface -I../nwk_ip/core/interface/http -I../nwk_ip/app/config -I../nwk_ip/app/common -I../drivers -I../CMSIS -I../utilities -I../framework/DCDC/Interface -I../framework/XCVR/MKW41Z4 -I../ieee_802.15.4/phy/source/MKW41Z -Og -fno-common -g -Wall -Wno-missing-braces  -c  -ffunction-sections  -fdata-sections  -ffreestanding  -fno-builtin -imacros "C:/Embebidos/Redes/Thread_leader/source/config.h" -mcpu=cortex-m0plus -mthumb -D__REDLIB__ -fstack-usage -specs=redlib.specs -MMD -MP -MF"nwk_ip/base/stack_globals/sockets_globals.d" -MT"nwk_ip/base/stack_globals/sockets_globals.o" -MT"nwk_ip/base/stack_globals/sockets_globals.d" -o "nwk_ip/base/stack_globals/sockets_globals.o" "../nwk_ip/base/stack_globals/sockets_globals.c"
../source/router_eligible_device_app.c: In function 'APP_InitCoapDemo':
 
../source/router_eligible_device_app.c:561:39: warning: initialization of 'void (*)(coapSessionStatus_t,  uint8_t *, coapSession_t *, uint32_t)' {aka 'void (*)(enum <anonymous>,  unsigned char *, struct coapSession_tag *, unsigned int)'} from incompatible pointer type 'void (*)(coapSessionStatus_t,  void *, coapSession_t *, uint32_t)' {aka 'void (*)(enum <anonymous>,  void *, struct coapSession_tag *, unsigned int)'} [-Wincompatible-pointer-types]
Building file: ../nwk_ip/base/stack_globals/thread_globals.c
                                      {APP_CoapAccelCb, (coapUriPath_t*)&gAPP_ACCEL_URI_PATH},
Invoking: MCU C Compiler
                                       ^~~~~~~~~~~~~~~
arm-none-eabi-gcc -std=gnu99 -D__REDLIB__ -DCPU_MKW41Z512VHT4_cm0plus -DCPU_MKW41Z512VHT4 -D__SEMIHOST_HARDFAULT_DISABLE=1 -DFSL_RTOS_FREE_RTOS -DFRDM_KW41Z -DFREEDOM -DSDK_DEBUGCONSOLE=0 -DCR_INTEGER_PRINTF -DPRINTF_FLOAT_ENABLE=0 -D__MCUXPRESSO -D__USE_CMSIS -DDEBUG -I../board -I../source -I../ -I../framework/OSAbstraction/Interface -I../framework/common -I../freertos -I../ieee_802.15.4/mac/source/App -I../ieee_802.15.4/mac/interface -I../ieee_802.15.4/phy/interface -I../framework/GPIO -I../framework/Keyboard/Interface -I../framework/TimersManager/Interface -I../framework/TimersManager/Source -I../framework/LED/Interface -I../framework/SerialManager/Source/SPI_Adapter -I../framework/SerialManager/Source/UART_Adapter -I../framework/SerialManager/Source/I2C_Adapter -I../framework/Flash/Internal -I../framework/MemManager/Interface -I../framework/Lists -I../framework/Messaging/Interface -I../framework/Panic/Interface -I../framework/RNG/Interface -I../framework/SerialManager/Interface -I../framework/SecLib -I../framework/FunctionLib -I../framework/ModuleInfo -I../framework/MWSCoexistence/Interface -I../framework/Shell/Interface -I../framework/NVM/Interface -I../framework/NVM/Source -I../framework/FSCI/Interface -I../framework/FSCI/Source -I../framework/LowPower/Interface/MKW41Z -I../framework/LowPower/Source/MKW41Z -I../nwk_ip/core/interface -I../nwk_ip/core/interface/modules -I../nwk_ip/core/interface/thread -I../nwk_ip/base/interface -I../nwk_ip/core/interface/http -I../nwk_ip/app/config -I../nwk_ip/app/common -I../drivers -I../CMSIS -I../utilities -I../framework/DCDC/Interface -I../framework/XCVR/MKW41Z4 -I../ieee_802.15.4/phy/source/MKW41Z -Og -fno-common -g -Wall -Wno-missing-braces  -c  -ffunction-sections  -fdata-sections  -ffreestanding  -fno-builtin -imacros "C:/Embebidos/Redes/Thread_leader/source/config.h" -mcpu=cortex-m0plus -mthumb -D__REDLIB__ -fstack-usage -specs=redlib.specs -MMD -MP -MF"nwk_ip/base/stack_globals/thread_globals.d" -MT"nwk_ip/base/stack_globals/thread_globals.o" -MT"nwk_ip/base/stack_globals/thread_globals.d" -o "nwk_ip/base/stack_globals/thread_globals.o" "../nwk_ip/base/stack_globals/thread_globals.c"
../source/router_eligible_device_app.c:561:39: note: (near initialization for 'cbParams[2].pCallback')
Finished building: ../nwk_ip/base/thci/thci.c
 
Finished building: ../nwk_ip/base/stack_globals/sockets_globals.c
 
Building file: ../nwk_ip/base/shell/shell_ip.c
Invoking: MCU C Compiler
Building file: ../nwk_ip/app/common/app_echo_udp.c
arm-none-eabi-gcc -std=gnu99 -D__REDLIB__ -DCPU_MKW41Z512VHT4_cm0plus -DCPU_MKW41Z512VHT4 -D__SEMIHOST_HARDFAULT_DISABLE=1 -DFSL_RTOS_FREE_RTOS -DFRDM_KW41Z -DFREEDOM -DSDK_DEBUGCONSOLE=0 -DCR_INTEGER_PRINTF -DPRINTF_FLOAT_ENABLE=0 -D__MCUXPRESSO -D__USE_CMSIS -DDEBUG -I../board -I../source -I../ -I../framework/OSAbstraction/Interface -I../framework/common -I../freertos -I../ieee_802.15.4/mac/source/App -I../ieee_802.15.4/mac/interface -I../ieee_802.15.4/phy/interface -I../framework/GPIO -I../framework/Keyboard/Interface -I../framework/TimersManager/Interface -I../framework/TimersManager/Source -I../framework/LED/Interface -I../framework/SerialManager/Source/SPI_Adapter -I../framework/SerialManager/Source/UART_Adapter -I../framework/SerialManager/Source/I2C_Adapter -I../framework/Flash/Internal -I../framework/MemManager/Interface -I../framework/Lists -I../framework/Messaging/Interface -I../framework/Panic/Interface -I../framework/RNG/Interface -I../framework/SerialManager/Interface -I../framework/SecLib -I../framework/FunctionLib -I../framework/ModuleInfo -I../framework/MWSCoexistence/Interface -I../framework/Shell/Interface -I../framework/NVM/Interface -I../framework/NVM/Source -I../framework/FSCI/Interface -I../framework/FSCI/Source -I../framework/LowPower/Interface/MKW41Z -I../framework/LowPower/Source/MKW41Z -I../nwk_ip/core/interface -I../nwk_ip/core/interface/modules -I../nwk_ip/core/interface/thread -I../nwk_ip/base/interface -I../nwk_ip/core/interface/http -I../nwk_ip/app/config -I../nwk_ip/app/common -I../drivers -I../CMSIS -I../utilities -I../framework/DCDC/Interface -I../framework/XCVR/MKW41Z4 -I../ieee_802.15.4/phy/source/MKW41Z -Og -fno-common -g -Wall -Wno-missing-braces  -c  -ffunction-sections  -fdata-sections  -ffreestanding  -fno-builtin -imacros "C:/Embebidos/Redes/Thread_leader/source/config.h" -mcpu=cortex-m0plus -mthumb -D__REDLIB__ -fstack-usage -specs=redlib.specs -MMD -MP -MF"nwk_ip/base/shell/shell_ip.d" -MT"nwk_ip/base/shell/shell_ip.o" -MT"nwk_ip/base/shell/shell_ip.d" -o "nwk_ip/base/shell/shell_ip.o" "../nwk_ip/base/shell/shell_ip.c"
Invoking: MCU C Compiler
arm-none-eabi-gcc -std=gnu99 -D__REDLIB__ -DCPU_MKW41Z512VHT4_cm0plus -DCPU_MKW41Z512VHT4 -D__SEMIHOST_HARDFAULT_DISABLE=1 -DFSL_RTOS_FREE_RTOS -DFRDM_KW41Z -DFREEDOM -DSDK_DEBUGCONSOLE=0 -DCR_INTEGER_PRINTF -DPRINTF_FLOAT_ENABLE=0 -D__MCUXPRESSO -D__USE_CMSIS -DDEBUG -I../board -I../source -I../ -I../framework/OSAbstraction/Interface -I../framework/common -I../freertos -I../ieee_802.15.4/mac/source/App -I../ieee_802.15.4/mac/interface -I../ieee_802.15.4/phy/interface -I../framework/GPIO -I../framework/Keyboard/Interface -I../framework/TimersManager/Interface -I../framework/TimersManager/Source -I../framework/LED/Interface -I../framework/SerialManager/Source/SPI_Adapter -I../framework/SerialManager/Source/UART_Adapter -I../framework/SerialManager/Source/I2C_Adapter -I../framework/Flash/Internal -I../framework/MemManager/Interface -I../framework/Lists -I../framework/Messaging/Interface -I../framework/Panic/Interface -I../framework/RNG/Interface -I../framework/SerialManager/Interface -I../framework/SecLib -I../framework/FunctionLib -I../framework/ModuleInfo -I../framework/MWSCoexistence/Interface -I../framework/Shell/Interface -I../framework/NVM/Interface -I../framework/NVM/Source -I../framework/FSCI/Interface -I../framework/FSCI/Source -I../framework/LowPower/Interface/MKW41Z -I../framework/LowPower/Source/MKW41Z -I../nwk_ip/core/interface -I../nwk_ip/core/interface/modules -I../nwk_ip/core/interface/thread -I../nwk_ip/base/interface -I../nwk_ip/core/interface/http -I../nwk_ip/app/config -I../nwk_ip/app/common -I../drivers -I../CMSIS -I../utilities -I../framework/DCDC/Interface -I../framework/XCVR/MKW41Z4 -I../ieee_802.15.4/phy/source/MKW41Z -Og -fno-common -g -Wall -Wno-missing-braces  -c  -ffunction-sections  -fdata-sections  -ffreestanding  -fno-builtin -imacros "C:/Embebidos/Redes/Thread_leader/source/config.h" -mcpu=cortex-m0plus -mthumb -D__REDLIB__ -fstack-usage -specs=redlib.specs -MMD -MP -MF"nwk_ip/app/common/app_echo_udp.d" -MT"nwk_ip/app/common/app_echo_udp.o" -MT"nwk_ip/app/common/app_echo_udp.d" -o "nwk_ip/app/common/app_echo_udp.o" "../nwk_ip/app/common/app_echo_udp.c"
Finished building: ../source/router_eligible_device_app.c
 
Building file: ../nwk_ip/app/common/app_event_monitoring.c
Invoking: MCU C Compiler
arm-none-eabi-gcc -std=gnu99 -D__REDLIB__ -DCPU_MKW41Z512VHT4_cm0plus -DCPU_MKW41Z512VHT4 -D__SEMIHOST_HARDFAULT_DISABLE=1 -DFSL_RTOS_FREE_RTOS -DFRDM_KW41Z -DFREEDOM -DSDK_DEBUGCONSOLE=0 -DCR_INTEGER_PRINTF -DPRINTF_FLOAT_ENABLE=0 -D__MCUXPRESSO -D__USE_CMSIS -DDEBUG -I../board -I../source -I../ -I../framework/OSAbstraction/Interface -I../framework/common -I../freertos -I../ieee_802.15.4/mac/source/App -I../ieee_802.15.4/mac/interface -I../ieee_802.15.4/phy/interface -I../framework/GPIO -I../framework/Keyboard/Interface -I../framework/TimersManager/Interface -I../framework/TimersManager/Source -I../framework/LED/Interface -I../framework/SerialManager/Source/SPI_Adapter -I../framework/SerialManager/Source/UART_Adapter -I../framework/SerialManager/Source/I2C_Adapter -I../framework/Flash/Internal -I../framework/MemManager/Interface -I../framework/Lists -I../framework/Messaging/Interface -I../framework/Panic/Interface -I../framework/RNG/Interface -I../framework/SerialManager/Interface -I../framework/SecLib -I../framework/FunctionLib -I../framework/ModuleInfo -I../framework/MWSCoexistence/Interface -I../framework/Shell/Interface -I../framework/NVM/Interface -I../framework/NVM/Source -I../framework/FSCI/Interface -I../framework/FSCI/Source -I../framework/LowPower/Interface/MKW41Z -I../framework/LowPower/Source/MKW41Z -I../nwk_ip/core/interface -I../nwk_ip/core/interface/modules -I../nwk_ip/core/interface/thread -I../nwk_ip/base/interface -I../nwk_ip/core/interface/http -I../nwk_ip/app/config -I../nwk_ip/app/common -I../drivers -I../CMSIS -I../utilities -I../framework/DCDC/Interface -I../framework/XCVR/MKW41Z4 -I../ieee_802.15.4/phy/source/MKW41Z -Og -fno-common -g -Wall -Wno-missing-braces  -c  -ffunction-sections  -fdata-sections  -ffreestanding  -fno-builtin -imacros "C:/Embebidos/Redes/Thread_leader/source/config.h" -mcpu=cortex-m0plus -mthumb -D__REDLIB__ -fstack-usage -specs=redlib.specs -MMD -MP -MF"nwk_ip/app/common/app_event_monitoring.d" -MT"nwk_ip/app/common/app_event_monitoring.o" -MT"nwk_ip/app/common/app_event_monitoring.d" -o "nwk_ip/app/common/app_event_monitoring.o" "../nwk_ip/app/common/app_event_monitoring.c"
Finished building: ../nwk_ip/base/stack_globals/thread_globals.c
 
Building file: ../nwk_ip/app/common/app_init.c
Invoking: MCU C Compiler
arm-none-eabi-gcc -std=gnu99 -D__REDLIB__ -DCPU_MKW41Z512VHT4_cm0plus -DCPU_MKW41Z512VHT4 -D__SEMIHOST_HARDFAULT_DISABLE=1 -DFSL_RTOS_FREE_RTOS -DFRDM_KW41Z -DFREEDOM -DSDK_DEBUGCONSOLE=0 -DCR_INTEGER_PRINTF -DPRINTF_FLOAT_ENABLE=0 -D__MCUXPRESSO -D__USE_CMSIS -DDEBUG -I../board -I../source -I../ -I../framework/OSAbstraction/Interface -I../framework/common -I../freertos -I../ieee_802.15.4/mac/source/App -I../ieee_802.15.4/mac/interface -I../ieee_802.15.4/phy/interface -I../framework/GPIO -I../framework/Keyboard/Interface -I../framework/TimersManager/Interface -I../framework/TimersManager/Source -I../framework/LED/Interface -I../framework/SerialManager/Source/SPI_Adapter -I../framework/SerialManager/Source/UART_Adapter -I../framework/SerialManager/Source/I2C_Adapter -I../framework/Flash/Internal -I../framework/MemManager/Interface -I../framework/Lists -I../framework/Messaging/Interface -I../framework/Panic/Interface -I../framework/RNG/Interface -I../framework/SerialManager/Interface -I../framework/SecLib -I../framework/FunctionLib -I../framework/ModuleInfo -I../framework/MWSCoexistence/Interface -I../framework/Shell/Interface -I../framework/NVM/Interface -I../framework/NVM/Source -I../framework/FSCI/Interface -I../framework/FSCI/Source -I../framework/LowPower/Interface/MKW41Z -I../framework/LowPower/Source/MKW41Z -I../nwk_ip/core/interface -I../nwk_ip/core/interface/modules -I../nwk_ip/core/interface/thread -I../nwk_ip/base/interface -I../nwk_ip/core/interface/http -I../nwk_ip/app/config -I../nwk_ip/app/common -I../drivers -I../CMSIS -I../utilities -I../framework/DCDC/Interface -I../framework/XCVR/MKW41Z4 -I../ieee_802.15.4/phy/source/MKW41Z -Og -fno-common -g -Wall -Wno-missing-braces  -c  -ffunction-sections  -fdata-sections  -ffreestanding  -fno-builtin -imacros "C:/Embebidos/Redes/Thread_leader/source/config.h" -mcpu=cortex-m0plus -mthumb -D__REDLIB__ -fstack-usage -specs=redlib.specs -MMD -MP -MF"nwk_ip/app/common/app_init.d" -MT"nwk_ip/app/common/app_init.o" -MT"nwk_ip/app/common/app_init.d" -o "nwk_ip/app/common/app_init.o" "../nwk_ip/app/common/app_init.c"
Finished building: ../nwk_ip/app/common/app_echo_udp.c
 
Building file: ../nwk_ip/app/common/app_thread_callbacks.c
Invoking: MCU C Compiler
arm-none-eabi-gcc -std=gnu99 -D__REDLIB__ -DCPU_MKW41Z512VHT4_cm0plus -DCPU_MKW41Z512VHT4 -D__SEMIHOST_HARDFAULT_DISABLE=1 -DFSL_RTOS_FREE_RTOS -DFRDM_KW41Z -DFREEDOM -DSDK_DEBUGCONSOLE=0 -DCR_INTEGER_PRINTF -DPRINTF_FLOAT_ENABLE=0 -D__MCUXPRESSO -D__USE_CMSIS -DDEBUG -I../board -I../source -I../ -I../framework/OSAbstraction/Interface -I../framework/common -I../freertos -I../ieee_802.15.4/mac/source/App -I../ieee_802.15.4/mac/interface -I../ieee_802.15.4/phy/interface -I../framework/GPIO -I../framework/Keyboard/Interface -I../framework/TimersManager/Interface -I../framework/TimersManager/Source -I../framework/LED/Interface -I../framework/SerialManager/Source/SPI_Adapter -I../framework/SerialManager/Source/UART_Adapter -I../framework/SerialManager/Source/I2C_Adapter -I../framework/Flash/Internal -I../framework/MemManager/Interface -I../framework/Lists -I../framework/Messaging/Interface -I../framework/Panic/Interface -I../framework/RNG/Interface -I../framework/SerialManager/Interface -I../framework/SecLib -I../framework/FunctionLib -I../framework/ModuleInfo -I../framework/MWSCoexistence/Interface -I../framework/Shell/Interface -I../framework/NVM/Interface -I../framework/NVM/Source -I../framework/FSCI/Interface -I../framework/FSCI/Source -I../framework/LowPower/Interface/MKW41Z -I../framework/LowPower/Source/MKW41Z -I../nwk_ip/core/interface -I../nwk_ip/core/interface/modules -I../nwk_ip/core/interface/thread -I../nwk_ip/base/interface -I../nwk_ip/core/interface/http -I../nwk_ip/app/config -I../nwk_ip/app/common -I../drivers -I../CMSIS -I../utilities -I../framework/DCDC/Interface -I../framework/XCVR/MKW41Z4 -I../ieee_802.15.4/phy/source/MKW41Z -Og -fno-common -g -Wall -Wno-missing-braces  -c  -ffunction-sections  -fdata-sections  -ffreestanding  -fno-builtin -imacros "C:/Embebidos/Redes/Thread_leader/source/config.h" -mcpu=cortex-m0plus -mthumb -D__REDLIB__ -fstack-usage -specs=redlib.specs -MMD -MP -MF"nwk_ip/app/common/app_thread_callbacks.d" -MT"nwk_ip/app/common/app_thread_callbacks.o" -MT"nwk_ip/app/common/app_thread_callbacks.d" -o "nwk_ip/app/common/app_thread_callbacks.o" "../nwk_ip/app/common/app_thread_callbacks.c"
Finished building: ../nwk_ip/app/common/app_event_monitoring.c
 
Building file: ../nwk_ip/app/common/app_thread_init.c
Invoking: MCU C Compiler
arm-none-eabi-gcc -std=gnu99 -D__REDLIB__ -DCPU_MKW41Z512VHT4_cm0plus -DCPU_MKW41Z512VHT4 -D__SEMIHOST_HARDFAULT_DISABLE=1 -DFSL_RTOS_FREE_RTOS -DFRDM_KW41Z -DFREEDOM -DSDK_DEBUGCONSOLE=0 -DCR_INTEGER_PRINTF -DPRINTF_FLOAT_ENABLE=0 -D__MCUXPRESSO -D__USE_CMSIS -DDEBUG -I../board -I../source -I../ -I../framework/OSAbstraction/Interface -I../framework/common -I../freertos -I../ieee_802.15.4/mac/source/App -I../ieee_802.15.4/mac/interface -I../ieee_802.15.4/phy/interface -I../framework/GPIO -I../framework/Keyboard/Interface -I../framework/TimersManager/Interface -I../framework/TimersManager/Source -I../framework/LED/Interface -I../framework/SerialManager/Source/SPI_Adapter -I../framework/SerialManager/Source/UART_Adapter -I../framework/SerialManager/Source/I2C_Adapter -I../framework/Flash/Internal -I../framework/MemManager/Interface -I../framework/Lists -I../framework/Messaging/Interface -I../framework/Panic/Interface -I../framework/RNG/Interface -I../framework/SerialManager/Interface -I../framework/SecLib -I../framework/FunctionLib -I../framework/ModuleInfo -I../framework/MWSCoexistence/Interface -I../framework/Shell/Interface -I../framework/NVM/Interface -I../framework/NVM/Source -I../framework/FSCI/Interface -I../framework/FSCI/Source -I../framework/LowPower/Interface/MKW41Z -I../framework/LowPower/Source/MKW41Z -I../nwk_ip/core/interface -I../nwk_ip/core/interface/modules -I../nwk_ip/core/interface/thread -I../nwk_ip/base/interface -I../nwk_ip/core/interface/http -I../nwk_ip/app/config -I../nwk_ip/app/common -I../drivers -I../CMSIS -I../utilities -I../framework/DCDC/Interface -I../framework/XCVR/MKW41Z4 -I../ieee_802.15.4/phy/source/MKW41Z -Og -fno-common -g -Wall -Wno-missing-braces  -c  -ffunction-sections  -fdata-sections  -ffreestanding  -fno-builtin -imacros "C:/Embebidos/Redes/Thread_leader/source/config.h" -mcpu=cortex-m0plus -mthumb -D__REDLIB__ -fstack-usage -specs=redlib.specs -MMD -MP -MF"nwk_ip/app/common/app_thread_init.d" -MT"nwk_ip/app/common/app_thread_init.o" -MT"nwk_ip/app/common/app_thread_init.d" -o "nwk_ip/app/common/app_thread_init.o" "../nwk_ip/app/common/app_thread_init.c"
Finished building: ../nwk_ip/app/common/app_init.c
 
Finished building: ../nwk_ip/base/shell/shell_ip.c
Finished building: ../nwk_ip/app/common/app_thread_callbacks.c
 
 
Finished building: ../nwk_ip/app/common/app_thread_init.c
 
Building target: Thread_leader.axf
Invoking: MCU Linker
arm-none-eabi-gcc -L"C:\Embebidos\Redes\Thread_leader\libs" -Xlinker -Map="Thread_leader.map" -Xlinker --gc-sections -Xlinker -print-memory-usage -Xlinker --sort-section=alignment -Xlinker --cref -mcpu=cortex-m0plus -mthumb -T MKW41Z512xxx4_connectivity.ld -L ../source -o "Thread_leader.axf"  ./utilities/fsl_debug_console.o  ./startup/startup_MKW41Z4.o  ./source/mtb.o ./source/router_eligible_device_app.o ./source/semihost_hardfault.o  ./nwk_ip/core/source/http/http.o ./nwk_ip/core/source/http/http_client.o ./nwk_ip/core/source/http/http_server.o  ./nwk_ip/base/utils/debug_log.o ./nwk_ip/base/utils/mac_abs_802154.o ./nwk_ip/base/utils/mac_filtering.o ./nwk_ip/base/utils/nv_data.o ./nwk_ip/base/utils/nvm_adapter.o  ./nwk_ip/base/thread_config/thread_config.o  ./nwk_ip/base/thci/thci.o  ./nwk_ip/base/stack_globals/arp_globals.o ./nwk_ip/base/stack_globals/coap_globals.o ./nwk_ip/base/stack_globals/dhcp_globals.o ./nwk_ip/base/stack_globals/dns_globals.o ./nwk_ip/base/stack_globals/dtls_globals.o ./nwk_ip/base/stack_globals/event_manager_globals.o ./nwk_ip/base/stack_globals/icmp_globals.o ./nwk_ip/base/stack_globals/ip_globals.o ./nwk_ip/base/stack_globals/mdns_globals.o ./nwk_ip/base/stack_globals/mle_globals.o ./nwk_ip/base/stack_globals/mpl_globals.o ./nwk_ip/base/stack_globals/nd_globals.o ./nwk_ip/base/stack_globals/sixlowpan_globals.o ./nwk_ip/base/stack_globals/sockets_globals.o ./nwk_ip/base/stack_globals/tcp_globals.o ./nwk_ip/base/stack_globals/thread_globals.o ./nwk_ip/base/stack_globals/trickle_globals.o ./nwk_ip/base/stack_globals/udp_globals.o  ./nwk_ip/base/shell/shell_ip.o  ./nwk_ip/base/ip_media_if/ip_if_6lo.o ./nwk_ip/base/ip_media_if/ip_if_enet.o ./nwk_ip/base/ip_media_if/ip_if_loopback.o ./nwk_ip/base/ip_media_if/ip_if_usbenet.o  ./nwk_ip/app/common/app_coap_observe.o ./nwk_ip/app/common/app_echo_udp.o ./nwk_ip/app/common/app_event_monitoring.o ./nwk_ip/app/common/app_init.o ./nwk_ip/app/common/app_led.o ./nwk_ip/app/common/app_observe_demo.o ./nwk_ip/app/common/app_socket_utils.o ./nwk_ip/app/common/app_temp_sensor.o ./nwk_ip/app/common/app_thread_callbacks.o ./nwk_ip/app/common/app_thread_init.o  ./ieee_802.15.4/phy/source/MKW41Z/ASP.o ./ieee_802.15.4/phy/source/MKW41Z/MPM.o ./ieee_802.15.4/phy/source/MKW41Z/PhyISR.o ./ieee_802.15.4/phy/source/MKW41Z/PhyPacketProcessor.o ./ieee_802.15.4/phy/source/MKW41Z/PhyPlmeData.o ./ieee_802.15.4/phy/source/MKW41Z/PhyStateMachine.o ./ieee_802.15.4/phy/source/MKW41Z/PhyTime.o  ./ieee_802.15.4/mac/source/App/FsciAspCommands.o ./ieee_802.15.4/mac/source/App/FsciMacCommands.o ./ieee_802.15.4/mac/source/App/MacGlobals.o  ./freertos/croutine.o ./freertos/event_groups.o ./freertos/fsl_tickless_lptmr.o ./freertos/fsl_tickless_systick.o ./freertos/heap_4.o ./freertos/list.o ./freertos/port.o ./freertos/queue.o ./freertos/tasks.o ./freertos/timers.o  ./framework/XCVR/MKW41Z4/cfgs_kw4x_3x_2x/fsl_xcvr_ant_config.o ./framework/XCVR/MKW41Z4/cfgs_kw4x_3x_2x/fsl_xcvr_ble_config.o ./framework/XCVR/MKW41Z4/cfgs_kw4x_3x_2x/fsl_xcvr_common_config.o ./framework/XCVR/MKW41Z4/cfgs_kw4x_3x_2x/fsl_xcvr_gfsk_bt_0p3_h_0p5_config.o ./framework/XCVR/MKW41Z4/cfgs_kw4x_3x_2x/fsl_xcvr_gfsk_bt_0p5_h_0p32_config.o ./framework/XCVR/MKW41Z4/cfgs_kw4x_3x_2x/fsl_xcvr_gfsk_bt_0p5_h_0p5_config.o ./framework/XCVR/MKW41Z4/cfgs_kw4x_3x_2x/fsl_xcvr_gfsk_bt_0p5_h_0p7_config.o ./framework/XCVR/MKW41Z4/cfgs_kw4x_3x_2x/fsl_xcvr_gfsk_bt_0p5_h_1p0_config.o ./framework/XCVR/MKW41Z4/cfgs_kw4x_3x_2x/fsl_xcvr_gfsk_bt_0p7_h_0p5_config.o ./framework/XCVR/MKW41Z4/cfgs_kw4x_3x_2x/fsl_xcvr_mode_datarate_config.o ./framework/XCVR/MKW41Z4/cfgs_kw4x_3x_2x/fsl_xcvr_msk_config.o ./framework/XCVR/MKW41Z4/cfgs_kw4x_3x_2x/fsl_xcvr_zgbe_config.o  ./framework/XCVR/MKW41Z4/dbg_ram_capture.o ./framework/XCVR/MKW41Z4/fsl_xcvr.o ./framework/XCVR/MKW41Z4/fsl_xcvr_trim.o ./framework/XCVR/MKW41Z4/ifr_radio.o  ./framework/TimersManager/Source/TMR_Adapter.o ./framework/TimersManager/Source/TimersManager.o  ./framework/Shell/Source/shell.o ./framework/Shell/Source/shell_autocomplete.o ./framework/Shell/Source/shell_cmdhelp.o ./framework/Shell/Source/shell_cmdhist.o  ./framework/SerialManager/Source/UART_Adapter/UART_Adapter.o  ./framework/SerialManager/Source/SPI_Adapter/SPI_Adapter.o  ./framework/SerialManager/Source/I2C_Adapter/I2C_Adapter.o  ./framework/SerialManager/Source/SerialManager.o  ./framework/SecLib/SecLib.o  ./framework/Reset/Reset.o  ./framework/RNG/Source/RNG.o  ./framework/Panic/Source/Panic.o  ./framework/OSAbstraction/Source/fsl_os_abstraction_free_rtos.o  ./framework/NVM/Source/NV_Flash.o ./framework/NVM/Source/NV_FsciCommands.o  ./framework/ModuleInfo/ModuleInfo.o  ./framework/Messaging/Source/Messaging.o  ./framework/MemManager/Source/MemManager.o  ./framework/MWSCoexistence/Source/MWS.o  ./framework/LowPower/Source/MKW41Z/PWR.o ./framework/LowPower/Source/MKW41Z/PWRLib.o  ./framework/Lists/GenericList.o  ./framework/LED/Source/LED.o  ./framework/Keyboard/Source/Keyboard.o  ./framework/GPIO/GPIO_Adapter.o  ./framework/FunctionLib/FunctionLib.o  ./framework/Flash/Internal/Flash_Adapter.o  ./framework/FSCI/Source/FsciCommands.o ./framework/FSCI/Source/FsciCommunication.o ./framework/FSCI/Source/FsciLogging.o ./framework/FSCI/Source/FsciMain.o  ./framework/DCDC/Source/DCDC.o  ./drivers/fsl_adc16.o ./drivers/fsl_clock.o ./drivers/fsl_common.o ./drivers/fsl_dspi.o ./drivers/fsl_dspi_freertos.o ./drivers/fsl_flash.o ./drivers/fsl_fxos.o ./drivers/fsl_gpio.o ./drivers/fsl_i2c.o ./drivers/fsl_i2c_freertos.o ./drivers/fsl_llwu.o ./drivers/fsl_lptmr.o ./drivers/fsl_lpuart.o ./drivers/fsl_lpuart_freertos.o ./drivers/fsl_ltc.o ./drivers/fsl_pmc.o ./drivers/fsl_rtc.o ./drivers/fsl_smc.o ./drivers/fsl_tpm.o ./drivers/fsl_trng.o ./drivers/fsl_tsi_v4.o  ./board/board.o ./board/clock_config.o ./board/gpio_pins.o ./board/pin_mux.o  ./CMSIS/system_MKW41Z4.o   -lm -lc -lgcc -lnosys -l_crypto_m0 -l802.15.4_mac_thr_cm0 -l_thread_cm0
Memory region         Used Size  Region Size  %age Used
    TEXT_region1:         192 B         1 KB     18.75%
m_flash_config_region:          16 B         16 B    100.00%
    TEXT_region2:      347915 B     455662 B     76.35%
      NVM_region:       65535 B      65535 B    100.00%
    DATA1_region:          0 GB        32 KB      0.00%
    DATA2_region:       61656 B        96 KB     62.72%
PRODUCT_INFO_region:          0 GB       2047 B      0.00%
Finished building target: Thread_leader.axf
 
make --no-print-directory post-build
Performing post-build steps
arm-none-eabi-size "Thread_leader.axf"; # arm-none-eabi-objcopy -v -O binary "Thread_leader.axf" "Thread_leader.bin" ; # checksum -p MKW41Z512xxx4 -d "Thread_leader.bin";
   text	   data	    bss	    dec	    hex	filename
 348096	  69339	  57864	 475299	  740a3	Thread_leader.axf
 
19:03:48 **** Incremental Build of configuration Debug for project Thread_leader ****
make -r -j4 all 
make: Nothing to be done for 'all'.
19:09:05 **** Incremental Build of configuration Debug for project Thread_router ****
make -r -j4 all 
Building target: Thread_router.axf
Invoking: MCU Linker
arm-none-eabi-gcc -L"C:\Embebidos\Redes\Thread_router\libs" -Xlinker -Map="Thread_router.map" -Xlinker --gc-sections -Xlinker -print-memory-usage -Xlinker --sort-section=alignment -Xlinker --cref -mcpu=cortex-m0plus -mthumb -T MKW41Z512xxx4_connectivity.ld -L ../source -o "Thread_router.axf"  ./utilities/fsl_debug_console.o  ./startup/startup_MKW41Z4.o  ./source/mtb.o ./source/router_eligible_device_app.o ./source/semihost_hardfault.o  ./nwk_ip/core/source/http/http.o ./nwk_ip/core/source/http/http_client.o ./nwk_ip/core/source/http/http_server.o  ./nwk_ip/base/utils/debug_log.o ./nwk_ip/base/utils/mac_abs_802154.o ./nwk_ip/base/utils/mac_filtering.o ./nwk_ip/base/utils/nv_data.o ./nwk_ip/base/utils/nvm_adapter.o  ./nwk_ip/base/thread_config/thread_config.o  ./nwk_ip/base/thci/thci.o  ./nwk_ip/base/stack_globals/arp_globals.o ./nwk_ip/base/stack_globals/coap_globals.o ./nwk_ip/base/stack_globals/dhcp_globals.o ./nwk_ip/base/stack_globals/dns_globals.o ./nwk_ip/base/stack_globals/dtls_globals.o ./nwk_ip/base/stack_globals/event_manager_globals.o ./nwk_ip/base/stack_globals/icmp_globals.o ./nwk_ip/base/stack_globals/ip_globals.o ./nwk_ip/base/stack_globals/mdns_globals.o ./nwk_ip/base/stack_globals/mle_globals.o ./nwk_ip/base/stack_globals/mpl_globals.o ./nwk_ip/base/stack_globals/nd_globals.o ./nwk_ip/base/stack_globals/sixlowpan_globals.o ./nwk_ip/base/stack_globals/sockets_globals.o ./nwk_ip/base/stack_globals/tcp_globals.o ./nwk_ip/base/stack_globals/thread_globals.o ./nwk_ip/base/stack_globals/trickle_globals.o ./nwk_ip/base/stack_globals/udp_globals.o  ./nwk_ip/base/shell/shell_ip.o  ./nwk_ip/base/ip_media_if/ip_if_6lo.o ./nwk_ip/base/ip_media_if/ip_if_enet.o ./nwk_ip/base/ip_media_if/ip_if_loopback.o ./nwk_ip/base/ip_media_if/ip_if_usbenet.o  ./nwk_ip/app/common/app_coap_observe.o ./nwk_ip/app/common/app_echo_udp.o ./nwk_ip/app/common/app_event_monitoring.o ./nwk_ip/app/common/app_init.o ./nwk_ip/app/common/app_led.o ./nwk_ip/app/common/app_observe_demo.o ./nwk_ip/app/common/app_socket_utils.o ./nwk_ip/app/common/app_temp_sensor.o ./nwk_ip/app/common/app_thread_callbacks.o ./nwk_ip/app/common/app_thread_init.o  ./ieee_802.15.4/phy/source/MKW41Z/ASP.o ./ieee_802.15.4/phy/source/MKW41Z/MPM.o ./ieee_802.15.4/phy/source/MKW41Z/PhyISR.o ./ieee_802.15.4/phy/source/MKW41Z/PhyPacketProcessor.o ./ieee_802.15.4/phy/source/MKW41Z/PhyPlmeData.o ./ieee_802.15.4/phy/source/MKW41Z/PhyStateMachine.o ./ieee_802.15.4/phy/source/MKW41Z/PhyTime.o  ./ieee_802.15.4/mac/source/App/FsciAspCommands.o ./ieee_802.15.4/mac/source/App/FsciMacCommands.o ./ieee_802.15.4/mac/source/App/MacGlobals.o  ./freertos/croutine.o ./freertos/event_groups.o ./freertos/fsl_tickless_lptmr.o ./freertos/fsl_tickless_systick.o ./freertos/heap_4.o ./freertos/list.o ./freertos/port.o ./freertos/queue.o ./freertos/tasks.o ./freertos/timers.o  ./framework/XCVR/MKW41Z4/cfgs_kw4x_3x_2x/fsl_xcvr_ant_config.o ./framework/XCVR/MKW41Z4/cfgs_kw4x_3x_2x/fsl_xcvr_ble_config.o ./framework/XCVR/MKW41Z4/cfgs_kw4x_3x_2x/fsl_xcvr_common_config.o ./framework/XCVR/MKW41Z4/cfgs_kw4x_3x_2x/fsl_xcvr_gfsk_bt_0p3_h_0p5_config.o ./framework/XCVR/MKW41Z4/cfgs_kw4x_3x_2x/fsl_xcvr_gfsk_bt_0p5_h_0p32_config.o ./framework/XCVR/MKW41Z4/cfgs_kw4x_3x_2x/fsl_xcvr_gfsk_bt_0p5_h_0p5_config.o ./framework/XCVR/MKW41Z4/cfgs_kw4x_3x_2x/fsl_xcvr_gfsk_bt_0p5_h_0p7_config.o ./framework/XCVR/MKW41Z4/cfgs_kw4x_3x_2x/fsl_xcvr_gfsk_bt_0p5_h_1p0_config.o ./framework/XCVR/MKW41Z4/cfgs_kw4x_3x_2x/fsl_xcvr_gfsk_bt_0p7_h_0p5_config.o ./framework/XCVR/MKW41Z4/cfgs_kw4x_3x_2x/fsl_xcvr_mode_datarate_config.o ./framework/XCVR/MKW41Z4/cfgs_kw4x_3x_2x/fsl_xcvr_msk_config.o ./framework/XCVR/MKW41Z4/cfgs_kw4x_3x_2x/fsl_xcvr_zgbe_config.o  ./framework/XCVR/MKW41Z4/dbg_ram_capture.o ./framework/XCVR/MKW41Z4/fsl_xcvr.o ./framework/XCVR/MKW41Z4/fsl_xcvr_trim.o ./framework/XCVR/MKW41Z4/ifr_radio.o  ./framework/TimersManager/Source/TMR_Adapter.o ./framework/TimersManager/Source/TimersManager.o  ./framework/Shell/Source/shell.o ./framework/Shell/Source/shell_autocomplete.o ./framework/Shell/Source/shell_cmdhelp.o ./framework/Shell/Source/shell_cmdhist.o  ./framework/SerialManager/Source/UART_Adapter/UART_Adapter.o  ./framework/SerialManager/Source/SPI_Adapter/SPI_Adapter.o  ./framework/SerialManager/Source/I2C_Adapter/I2C_Adapter.o  ./framework/SerialManager/Source/SerialManager.o  ./framework/SecLib/SecLib.o  ./framework/Reset/Reset.o  ./framework/RNG/Source/RNG.o  ./framework/Panic/Source/Panic.o  ./framework/OSAbstraction/Source/fsl_os_abstraction_free_rtos.o  ./framework/NVM/Source/NV_Flash.o ./framework/NVM/Source/NV_FsciCommands.o  ./framework/ModuleInfo/ModuleInfo.o  ./framework/Messaging/Source/Messaging.o  ./framework/MemManager/Source/MemManager.o  ./framework/MWSCoexistence/Source/MWS.o  ./framework/LowPower/Source/MKW41Z/PWR.o ./framework/LowPower/Source/MKW41Z/PWRLib.o  ./framework/Lists/GenericList.o  ./framework/LED/Source/LED.o  ./framework/Keyboard/Source/Keyboard.o  ./framework/GPIO/GPIO_Adapter.o  ./framework/FunctionLib/FunctionLib.o  ./framework/Flash/Internal/Flash_Adapter.o  ./framework/FSCI/Source/FsciCommands.o ./framework/FSCI/Source/FsciCommunication.o ./framework/FSCI/Source/FsciLogging.o ./framework/FSCI/Source/FsciMain.o  ./framework/DCDC/Source/DCDC.o  ./drivers/fsl_adc16.o ./drivers/fsl_clock.o ./drivers/fsl_common.o ./drivers/fsl_dspi.o ./drivers/fsl_dspi_freertos.o ./drivers/fsl_flash.o ./drivers/fsl_gpio.o ./drivers/fsl_i2c.o ./drivers/fsl_i2c_freertos.o ./drivers/fsl_llwu.o ./drivers/fsl_lptmr.o ./drivers/fsl_lpuart.o ./drivers/fsl_lpuart_freertos.o ./drivers/fsl_ltc.o ./drivers/fsl_pmc.o ./drivers/fsl_rtc.o ./drivers/fsl_smc.o ./drivers/fsl_tpm.o ./drivers/fsl_trng.o ./drivers/fsl_tsi_v4.o  ./board/board.o ./board/clock_config.o ./board/gpio_pins.o ./board/pin_mux.o  ./CMSIS/system_MKW41Z4.o   -lm -lc -lgcc -lnosys -l_crypto_m0 -l802.15.4_mac_thr_cm0 -l_thread_cm0
Memory region         Used Size  Region Size  %age Used
    TEXT_region1:         192 B         1 KB     18.75%
m_flash_config_region:          16 B         16 B    100.00%
    TEXT_region2:      344275 B     455662 B     75.55%
      NVM_region:       65535 B      65535 B    100.00%
    DATA1_region:          0 GB        32 KB      0.00%
    DATA2_region:       61608 B        96 KB     62.67%
PRODUCT_INFO_region:          0 GB       2047 B      0.00%
Finished building target: Thread_router.axf
 
make --no-print-directory post-build
Performing post-build steps
arm-none-eabi-size "Thread_router.axf"; # arm-none-eabi-objcopy -v -O binary "Thread_router.axf" "Thread_router.bin" ; # checksum -p MKW41Z512xxx4 -d "Thread_router.bin";
   text	   data	    bss	    dec	    hex	filename
 344456	  69339	  57816	 471611	  7323b	Thread_router.axf
 
